Archive member included to satisfy reference by file (symbol)

D:/stm32cubeide/STM32CubeIDE_1.14.1/STM32CubeIDE/plugins/com.st.stm32cube.ide.mcu.externaltools.gnu-tools-for-stm32.11.3.rel1.win32_1.1.100.202309141235/tools/bin/../lib/gcc/arm-none-eabi/11.3.1/../../../../arm-none-eabi/lib/thumb/v7e-m+fp/hard\libstdc++_nano.a(del_ops.o)
                              ./aht20/AHT20.o (operator delete(void*, unsigned int))
D:/stm32cubeide/STM32CubeIDE_1.14.1/STM32CubeIDE/plugins/com.st.stm32cube.ide.mcu.externaltools.gnu-tools-for-stm32.11.3.rel1.win32_1.1.100.202309141235/tools/bin/../lib/gcc/arm-none-eabi/11.3.1/../../../../arm-none-eabi/lib/thumb/v7e-m+fp/hard\libstdc++_nano.a(del_op.o)
                              D:/stm32cubeide/STM32CubeIDE_1.14.1/STM32CubeIDE/plugins/com.st.stm32cube.ide.mcu.externaltools.gnu-tools-for-stm32.11.3.rel1.win32_1.1.100.202309141235/tools/bin/../lib/gcc/arm-none-eabi/11.3.1/../../../../arm-none-eabi/lib/thumb/v7e-m+fp/hard\libstdc++_nano.a(del_ops.o) (operator delete(void*))
D:/stm32cubeide/STM32CubeIDE_1.14.1/STM32CubeIDE/plugins/com.st.stm32cube.ide.mcu.externaltools.gnu-tools-for-stm32.11.3.rel1.win32_1.1.100.202309141235/tools/bin/../lib/gcc/arm-none-eabi/11.3.1/../../../../arm-none-eabi/lib/thumb/v7e-m+fp/hard\libc_nano.a(libc_a-exit.o)
                              D:/stm32cubeide/STM32CubeIDE_1.14.1/STM32CubeIDE/plugins/com.st.stm32cube.ide.mcu.externaltools.gnu-tools-for-stm32.11.3.rel1.win32_1.1.100.202309141235/tools/bin/../lib/gcc/arm-none-eabi/11.3.1/../../../../arm-none-eabi/lib/thumb/v7e-m+fp/hard/crt0.o (exit)
D:/stm32cubeide/STM32CubeIDE_1.14.1/STM32CubeIDE/plugins/com.st.stm32cube.ide.mcu.externaltools.gnu-tools-for-stm32.11.3.rel1.win32_1.1.100.202309141235/tools/bin/../lib/gcc/arm-none-eabi/11.3.1/../../../../arm-none-eabi/lib/thumb/v7e-m+fp/hard\libc_nano.a(libc_a-malloc.o)
                              D:/stm32cubeide/STM32CubeIDE_1.14.1/STM32CubeIDE/plugins/com.st.stm32cube.ide.mcu.externaltools.gnu-tools-for-stm32.11.3.rel1.win32_1.1.100.202309141235/tools/bin/../lib/gcc/arm-none-eabi/11.3.1/../../../../arm-none-eabi/lib/thumb/v7e-m+fp/hard\libstdc++_nano.a(del_op.o) (free)
D:/stm32cubeide/STM32CubeIDE_1.14.1/STM32CubeIDE/plugins/com.st.stm32cube.ide.mcu.externaltools.gnu-tools-for-stm32.11.3.rel1.win32_1.1.100.202309141235/tools/bin/../lib/gcc/arm-none-eabi/11.3.1/../../../../arm-none-eabi/lib/thumb/v7e-m+fp/hard\libc_nano.a(libc_a-mallocr.o)
                              D:/stm32cubeide/STM32CubeIDE_1.14.1/STM32CubeIDE/plugins/com.st.stm32cube.ide.mcu.externaltools.gnu-tools-for-stm32.11.3.rel1.win32_1.1.100.202309141235/tools/bin/../lib/gcc/arm-none-eabi/11.3.1/../../../../arm-none-eabi/lib/thumb/v7e-m+fp/hard\libc_nano.a(libc_a-malloc.o) (_malloc_r)
D:/stm32cubeide/STM32CubeIDE_1.14.1/STM32CubeIDE/plugins/com.st.stm32cube.ide.mcu.externaltools.gnu-tools-for-stm32.11.3.rel1.win32_1.1.100.202309141235/tools/bin/../lib/gcc/arm-none-eabi/11.3.1/../../../../arm-none-eabi/lib/thumb/v7e-m+fp/hard\libc_nano.a(libc_a-mlock.o)
                              D:/stm32cubeide/STM32CubeIDE_1.14.1/STM32CubeIDE/plugins/com.st.stm32cube.ide.mcu.externaltools.gnu-tools-for-stm32.11.3.rel1.win32_1.1.100.202309141235/tools/bin/../lib/gcc/arm-none-eabi/11.3.1/../../../../arm-none-eabi/lib/thumb/v7e-m+fp/hard\libc_nano.a(libc_a-mallocr.o) (__malloc_lock)
D:/stm32cubeide/STM32CubeIDE_1.14.1/STM32CubeIDE/plugins/com.st.stm32cube.ide.mcu.externaltools.gnu-tools-for-stm32.11.3.rel1.win32_1.1.100.202309141235/tools/bin/../lib/gcc/arm-none-eabi/11.3.1/../../../../arm-none-eabi/lib/thumb/v7e-m+fp/hard\libc_nano.a(libc_a-nano-vfprintf_float.o)
                              (_printf_float)
D:/stm32cubeide/STM32CubeIDE_1.14.1/STM32CubeIDE/plugins/com.st.stm32cube.ide.mcu.externaltools.gnu-tools-for-stm32.11.3.rel1.win32_1.1.100.202309141235/tools/bin/../lib/gcc/arm-none-eabi/11.3.1/../../../../arm-none-eabi/lib/thumb/v7e-m+fp/hard\libc_nano.a(libc_a-nano-vfprintf_i.o)
                              D:/stm32cubeide/STM32CubeIDE_1.14.1/STM32CubeIDE/plugins/com.st.stm32cube.ide.mcu.externaltools.gnu-tools-for-stm32.11.3.rel1.win32_1.1.100.202309141235/tools/bin/../lib/gcc/arm-none-eabi/11.3.1/../../../../arm-none-eabi/lib/thumb/v7e-m+fp/hard\libc_nano.a(libc_a-nano-vfprintf_float.o) (_printf_common)
D:/stm32cubeide/STM32CubeIDE_1.14.1/STM32CubeIDE/plugins/com.st.stm32cube.ide.mcu.externaltools.gnu-tools-for-stm32.11.3.rel1.win32_1.1.100.202309141235/tools/bin/../lib/gcc/arm-none-eabi/11.3.1/../../../../arm-none-eabi/lib/thumb/v7e-m+fp/hard\libc_nano.a(libc_a-nano-vfscanf_float.o)
                              (_scanf_float)
D:/stm32cubeide/STM32CubeIDE_1.14.1/STM32CubeIDE/plugins/com.st.stm32cube.ide.mcu.externaltools.gnu-tools-for-stm32.11.3.rel1.win32_1.1.100.202309141235/tools/bin/../lib/gcc/arm-none-eabi/11.3.1/../../../../arm-none-eabi/lib/thumb/v7e-m+fp/hard\libc_nano.a(libc_a-findfp.o)
[...]
Memory Configuration

Name             Origin             Length             Attributes
RAM              0x0000000020000000 0x0000000000010000 xrw
RAM2             0x0000000010000000 0x0000000000004000 xrw
FLASH            0x0000000008000000 0x0000000000040000 xr
*default*        0x0000000000000000 0xffffffffffffffff

Linker script and memory map

LOAD D:/stm32cubeide/STM32CubeIDE_1.14.1/STM32CubeIDE/plugins/com.st.stm32cube.ide.mcu.externaltools.gnu-tools-for-stm32.11.3.rel1.win32_1.1.100.202309141235/tools/bin/../lib/gcc/arm-none-eabi/11.3.1/thumb/v7e-m+fp/hard/crti.o
LOAD D:/stm32cubeide/STM32CubeIDE_1.14.1/STM32CubeIDE/plugins/com.st.stm32cube.ide.mcu.externaltools.gnu-tools-for-stm32.11.3.rel1.win32_1.1.100.202309141235/tools/bin/../lib/gcc/arm-none-eabi/11.3.1/thumb/v7e-m+fp/hard/crtbegin.o
LOAD D:/stm32cubeide/STM32CubeIDE_1.14.1/STM32CubeIDE/plugins/com.st.stm32cube.ide.mcu.externaltools.gnu-tools-for-stm32.11.3.rel1.win32_1.1.100.202309141235/tools/bin/../lib/gcc/arm-none-eabi/11.3.1/../../../../arm-none-eabi/lib/thumb/v7e-m+fp/hard/crt0.o
LOAD ./Core/Src/main.o
LOAD ./Core/Src/stm32l4xx_hal_msp.o
LOAD ./Core/Src/stm32l4xx_it.o
LOAD ./Core/Src/syscalls.o
LOAD ./Core/Src/sysmem.o
LOAD ./Core/Src/system_stm32l4xx.o
LOAD ./Core/Startup/startup_stm32l432kcux.o
LOAD ./Drivers/STM32L4xx_HAL_Driver/Src/stm32l4xx_hal.o
LOAD ./Drivers/STM32L4xx_HAL_Driver/Src/stm32l4xx_hal_cortex.o
LOAD ./Drivers/STM32L4xx_HAL_Driver/Src/stm32l4xx_hal_crc.o
LOAD ./Drivers/STM32L4xx_HAL_Driver/Src/stm32l4xx_hal_crc_ex.o
LOAD ./Drivers/STM32L4xx_HAL_Driver/Src/stm32l4xx_hal_dma.o
LOAD ./Drivers/STM32L4xx_HAL_Driver/Src/stm32l4xx_hal_dma_ex.o
LOAD ./Drivers/STM32L4xx_HAL_Driver/Src/stm32l4xx_hal_exti.o
LOAD ./Drivers/STM32L4xx_HAL_Driver/Src/stm32l4xx_hal_flash.o
LOAD ./Drivers/STM32L4xx_HAL_Driver/Src/stm32l4xx_hal_flash_ex.o
LOAD ./Drivers/STM32L4xx_HAL_Driver/Src/stm32l4xx_hal_flash_ramfunc.o
LOAD ./Drivers/STM32L4xx_HAL_Driver/Src/stm32l4xx_hal_gpio.o
LOAD ./Drivers/STM32L4xx_HAL_Driver/Src/stm32l4xx_hal_i2c.o
LOAD ./Drivers/STM32L4xx_HAL_Driver/Src/stm32l4xx_hal_i2c_ex.o
LOAD ./Drivers/STM32L4xx_HAL_Driver/Src/stm32l4xx_hal_pwr.o
LOAD ./Drivers/STM32L4xx_HAL_Driver/Src/stm32l4xx_hal_pwr_ex.o
LOAD ./Drivers/STM32L4xx_HAL_Driver/Src/stm32l4xx_hal_rcc.o
LOAD ./Drivers/STM32L4xx_HAL_Driver/Src/stm32l4xx_hal_rcc_ex.o
LOAD ./Drivers/STM32L4xx_HAL_Driver/Src/stm32l4xx_hal_tim.o
LOAD ./Drivers/STM32L4xx_HAL_Driver/Src/stm32l4xx_hal_tim_ex.o
LOAD ./Drivers/STM32L4xx_HAL_Driver/Src/stm32l4xx_hal_uart.o
LOAD ./Drivers/STM32L4xx_HAL_Driver/Src/stm32l4xx_hal_uart_ex.o
LOAD ./aht20/AHT20.o
LOAD ./bme280/BME280.o
LOAD ./bmp280/bmp280.o
LOAD ./htu21df/HTU21DF.o
LOAD ./sht31/SHT31.o
START GROUP
LOAD D:/stm32cubeide/STM32CubeIDE_1.14.1/STM32CubeIDE/plugins/com.st.stm32cube.ide.mcu.externaltools.gnu-tools-for-stm32.11.3.rel1.win32_1.1.100.202309141235/tools/bin/../lib/gcc/arm-none-eabi/11.3.1/../../../../arm-none-eabi/lib/thumb/v7e-m+fp/hard\libstdc++_nano.a
LOAD D:/stm32cubeide/STM32CubeIDE_1.14.1/STM32CubeIDE/plugins/com.st.stm32cube.ide.mcu.externaltools.gnu-tools-for-stm32.11.3.rel1.win32_1.1.100.202309141235/tools/bin/../lib/gcc/arm-none-eabi/11.3.1/../../../../arm-none-eabi/lib/thumb/v7e-m+fp/hard\libsupc++_nano.a
END GROUP
LOAD D:/stm32cubeide/STM32CubeIDE_1.14.1/STM32CubeIDE/plugins/com.st.stm32cube.ide.mcu.externaltools.gnu-tools-for-stm32.11.3.rel1.win32_1.1.100.202309141235/tools/bin/../lib/gcc/arm-none-eabi/11.3.1/../../../../arm-none-eabi/lib/thumb/v7e-m+fp/hard\libstdc++_nano.a
LOAD D:/stm32cubeide/STM32CubeIDE_1.14.1/STM32CubeIDE/plugins/com.st.stm32cube.ide.mcu.externaltools.gnu-tools-for-stm32.11.3.rel1.win32_1.1.100.202309141235/tools/bin/../lib/gcc/arm-none-eabi/11.3.1/../../../../arm-none-eabi/lib/thumb/v7e-m+fp/hard\libm.a
LOAD D:/stm32cubeide/STM32CubeIDE_1.14.1/STM32CubeIDE/plugins/com.st.stm32cube.ide.mcu.externaltools.gnu-tools-for-stm32.11.3.rel1.win32_1.1.100.202309141235/tools/bin/../lib/gcc/arm-none-eabi/11.3.1/../../../../arm-none-eabi/lib/thumb/v7e-m+fp/hard\libc_nano.a
START GROUP
LOAD D:/stm32cubeide/STM32CubeIDE_1.14.1/STM32CubeIDE/plugins/com.st.stm32cube.ide.mcu.externaltools.gnu-tools-for-stm32.11.3.rel1.win32_1.1.100.202309141235/tools/bin/../lib/gcc/arm-none-eabi/11.3.1/thumb/v7e-m+fp/hard\libgcc.a
LOAD D:/stm32cubeide/STM32CubeIDE_1.14.1/STM32CubeIDE/plugins/com.st.stm32cube.ide.mcu.externaltools.gnu-tools-for-stm32.11.3.rel1.win32_1.1.100.202309141235/tools/bin/../lib/gcc/arm-none-eabi/11.3.1/../../../../arm-none-eabi/lib/thumb/v7e-m+fp/hard\libc_nano.a
END GROUP
START GROUP
LOAD D:/stm32cubeide/STM32CubeIDE_1.14.1/STM32CubeIDE/plugins/com.st.stm32cube.ide.mcu.externaltools.gnu-tools-for-stm32.11.3.rel1.win32_1.1.100.202309141235/tools/bin/../lib/gcc/arm-none-eabi/11.3.1/thumb/v7e-m+fp/hard\libgcc.a
LOAD D:/stm32cubeide/STM32CubeIDE_1.14.1/STM32CubeIDE/plugins/com.st.stm32cube.ide.mcu.externaltools.gnu-tools-for-stm32.11.3.rel1.win32_1.1.100.202309141235/tools/bin/../lib/gcc/arm-none-eabi/11.3.1/../../../../arm-none-eabi/lib/thumb/v7e-m+fp/hard\libc_nano.a
LOAD D:/stm32cubeide/STM32CubeIDE_1.14.1/STM32CubeIDE/plugins/com.st.stm32cube.ide.mcu.externaltools.gnu-tools-for-stm32.11.3.rel1.win32_1.1.100.202309141235/tools/bin/../lib/gcc/arm-none-eabi/11.3.1/../../../../arm-none-eabi/lib/thumb/v7e-m+fp/hard\libnosys.a
END GROUP
START GROUP
LOAD D:/stm32cubeide/STM32CubeIDE_1.14.1/STM32CubeIDE/plugins/com.st.stm32cube.ide.mcu.externaltools.gnu-tools-for-stm32.11.3.rel1.win32_1.1.100.202309141235/tools/bin/../lib/gcc/arm-none-eabi/11.3.1/thumb/v7e-m+fp/hard\libgcc.a
LOAD D:/stm32cubeide/STM32CubeIDE_1.14.1/STM32CubeIDE/plugins/com.st.stm32cube.ide.mcu.externaltools.gnu-tools-for-stm32.11.3.rel1.win32_1.1.100.202309141235/tools/bin/../lib/gcc/arm-none-eabi/11.3.1/../../../../arm-none-eabi/lib/thumb/v7e-m+fp/hard\libc_nano.a
LOAD D:/stm32cubeide/STM32CubeIDE_1.14.1/STM32CubeIDE/plugins/com.st.stm32cube.ide.mcu.externaltools.gnu-tools-for-stm32.11.3.rel1.win32_1.1.100.202309141235/tools/bin/../lib/gcc/arm-none-eabi/11.3.1/../../../../arm-none-eabi/lib/thumb/v7e-m+fp/hard\libnosys.a
END GROUP
LOAD D:/stm32cubeide/STM32CubeIDE_1.14.1/STM32CubeIDE/plugins/com.st.stm32cube.ide.mcu.externaltools.gnu-tools-for-stm32.11.3.rel1.win32_1.1.100.202309141235/tools/bin/../lib/gcc/arm-none-eabi/11.3.1/thumb/v7e-m+fp/hard/crtend.o
LOAD D:/stm32cubeide/STM32CubeIDE_1.14.1/STM32CubeIDE/plugins/com.st.stm32cube.ide.mcu.externaltools.gnu-tools-for-stm32.11.3.rel1.win32_1.1.100.202309141235/tools/bin/../lib/gcc/arm-none-eabi/11.3.1/thumb/v7e-m+fp/hard/crtn.o
                0x0000000020010000                _estack = (ORIGIN (RAM) + LENGTH (RAM))
                0x0000000000000200                _Min_Heap_Size = 0x200
                0x0000000000000400                _Min_Stack_Size = 0x400

.isr_vector     0x0000000008000000      0x18c
                0x0000000008000000                . = ALIGN (0x4)
 *(.isr_vector)
 .isr_vector    0x0000000008000000      0x18c ./Core/Startup/startup_stm32l432kcux.o
                0x0000000008000000                g_pfnVectors
                0x000000000800018c                . = ALIGN (0x4)

.text           0x0000000008000190     0xb1e8
                0x0000000008000190                . = ALIGN (0x4)
 *(.text)
 .text          0x0000000008000190       0x40 D:/stm32cubeide/STM32CubeIDE_1.14.1/STM32CubeIDE/plugins/com.st.stm32cube.ide.mcu.externaltools.gnu-tools-for-stm32.11.3.rel1.win32_1.1.100.202309141235/tools/bin/../lib/gcc/arm-none-eabi/11.3.1/thumb/v7e-m+fp/hard/crtbegin.o
 .text          0x00000000080001d0       0xa0 D:/stm32cubeide/STM32CubeIDE_1.14.1/STM32CubeIDE/plugins/com.st.stm32cube.ide.mcu.externaltools.gnu-tools-for-stm32.11.3.rel1.win32_1.1.100.202309141235/tools/bin/../lib/gcc/arm-none-eabi/11.3.1/../../../../arm-none-eabi/lib/thumb/v7e-m+fp/hard\libc_nano.a(libc_a-memchr.o)
                0x00000000080001d0                memchr
 .text          0x0000000008000270       0x10 D:/stm32cubeide/STM32CubeIDE_1.14.1/STM32CubeIDE/plugins/com.st.stm32cube.ide.mcu.externaltools.gnu-tools-for-stm32.11.3.rel1.win32_1.1.100.202309141235/tools/bin/../lib/gcc/arm-none-eabi/11.3.1/../../../../arm-none-eabi/lib/thumb/v7e-m+fp/hard\libc_nano.a(libc_a-strlen.o)
                0x0000000008000270                strlen
 .text          0x0000000008000280      0x378 D:/stm32cubeide/STM32CubeIDE_1.14.1/STM32CubeIDE/plugins/com.st.stm32cube.ide.mcu.externaltools.gnu-tools-for-stm32.11.3.rel1.win32_1.1.100.202309141235/tools/bin/../lib/gcc/arm-none-eabi/11.3.1/thumb/v7e-m+fp/hard\libgcc.a(_arm_addsubdf3.o)
                0x0000000008000280                __aeabi_drsub
                0x0000000008000288                __aeabi_dsub
                0x0000000008000288                __subdf3
                0x000000000800028c                __aeabi_dadd
                0x000000000800028c                __adddf3
                0x0000000008000504                __floatunsidf
                0x0000000008000504                __aeabi_ui2d
                0x0000000008000524                __floatsidf
                0x0000000008000524                __aeabi_i2d
                0x0000000008000548                __aeabi_f2d
                0x0000000008000548                __extendsfdf2
                0x000000000800058c                __floatundidf
                0x000000000800058c                __aeabi_ul2d
                0x000000000800059c                __floatdidf
                0x000000000800059c                __aeabi_l2d
 .text          0x00000000080005f8      0x424 D:/stm32cubeide/STM32CubeIDE_1.14.1/STM32CubeIDE/plugins/com.st.stm32cube.ide.mcu.externaltools.gnu-tools-for-stm32.11.3.rel1.win32_1.1.100.202309141235/tools/bin/../lib/gcc/arm-none-eabi/11.3.1/thumb/v7e-m+fp/hard\libgcc.a(_arm_muldivdf3.o)
                0x00000000080005f8                __aeabi_dmul
                0x00000000080005f8                __muldf3
                0x000000000800084c                __divdf3
                0x000000000800084c                __aeabi_ddiv
 .text          0x0000000008000a1c      0x110 D:/stm32cubeide/STM32CubeIDE_1.14.1/STM32CubeIDE/plugins/com.st.stm32cube.ide.mcu.externaltools.gnu-tools-for-stm32.11.3.rel1.win32_1.1.100.202309141235/tools/bin/../lib/gcc/arm-none-eabi/11.3.1/thumb/v7e-m+fp/hard\libgcc.a(_arm_cmpdf2.o)
                0x0000000008000a1c                __gtdf2
                0x0000000008000a1c                __gedf2
                0x0000000008000a24                __ltdf2
                0x0000000008000a24                __ledf2
                0x0000000008000a2c                __nedf2
                0x0000000008000a2c                __eqdf2
                0x0000000008000a2c                __cmpdf2
                0x0000000008000aa8                __aeabi_cdrcmple
                0x0000000008000ab8                __aeabi_cdcmpeq
                0x0000000008000ab8                __aeabi_cdcmple
                0x0000000008000ac8                __aeabi_dcmpeq
                0x0000000008000adc                __aeabi_dcmplt
                0x0000000008000af0                __aeabi_dcmple
                0x0000000008000b04                __aeabi_dcmpge
                0x0000000008000b18                __aeabi_dcmpgt
 .text          0x0000000008000b2c       0x2c D:/stm32cubeide/STM32CubeIDE_1.14.1/STM32CubeIDE/plugins/com.st.stm32cube.ide.mcu.externaltools.gnu-tools-for-stm32.11.3.rel1.win32_1.1.100.202309141235/tools/bin/../lib/gcc/arm-none-eabi/11.3.1/thumb/v7e-m+fp/hard\libgcc.a(_arm_unorddf2.o)
                0x0000000008000b2c                __unorddf2
                0x0000000008000b2c                __aeabi_dcmpun
 .text          0x0000000008000b58       0x50 D:/stm32cubeide/STM32CubeIDE_1.14.1/STM32CubeIDE/plugins/com.st.stm32cube.ide.mcu.externaltools.gnu-tools-for-stm32.11.3.rel1.win32_1.1.100.202309141235/tools/bin/../lib/gcc/arm-none-eabi/11.3.1/thumb/v7e-m+fp/hard\libgcc.a(_arm_fixdfsi.o)
                0x0000000008000b58                __aeabi_d2iz
                0x0000000008000b58                __fixdfsi
 .text          0x0000000008000ba8       0x40 D:/stm32cubeide/STM32CubeIDE_1.14.1/STM32CubeIDE/plugins/com.st.stm32cube.ide.mcu.externaltools.gnu-tools-for-stm32.11.3.rel1.win32_1.1.100.202309141235/tools/bin/../lib/gcc/arm-none-eabi/11.3.1/thumb/v7e-m+fp/hard\libgcc.a(_arm_fixunsdfsi.o)
                0x0000000008000ba8                __aeabi_d2uiz
                0x0000000008000ba8                __fixunsdfsi
 .text          0x0000000008000be8       0xa0 D:/stm32cubeide/STM32CubeIDE_1.14.1/STM32CubeIDE/plugins/com.st.stm32cube.ide.mcu.externaltools.gnu-tools-for-stm32.11.3.rel1.win32_1.1.100.202309141235/tools/bin/../lib/gcc/arm-none-eabi/11.3.1/thumb/v7e-m+fp/hard\libgcc.a(_arm_truncdfsf2.o)
                0x0000000008000be8                __truncdfsf2
                0x0000000008000be8                __aeabi_d2f
 .text          0x0000000008000c88       0x30 D:/stm32cubeide/STM32CubeIDE_1.14.1/STM32CubeIDE/plugins/com.st.stm32cube.ide.mcu.externaltools.gnu-tools-for-stm32.11.3.rel1.win32_1.1.100.202309141235/tools/bin/../lib/gcc/arm-none-eabi/11.3.1/thumb/v7e-m+fp/hard\libgcc.a(_aeabi_uldivmod.o)
                0x0000000008000c88                __aeabi_uldivmod
 .text          0x0000000008000cb8       0x30 D:/stm32cubeide/STM32CubeIDE_1.14.1/STM32CubeIDE/plugins/com.st.stm32cube.ide.mcu.externaltools.gnu-tools-for-stm32.11.3.rel1.win32_1.1.100.202309141235/tools/bin/../lib/gcc/arm-none-eabi/11.3.1/thumb/v7e-m+fp/hard\libgcc.a(_fixdfdi.o)
                0x0000000008000cb8                __fixdfdi
                0x0000000008000cb8                __aeabi_d2lz
 .text          0x0000000008000ce8       0x3c D:/stm32cubeide/STM32CubeIDE_1.14.1/STM32CubeIDE/plugins/com.st.stm32cube.ide.mcu.externaltools.gnu-tools-for-stm32.11.3.rel1.win32_1.1.100.202309141235/tools/bin/../lib/gcc/arm-none-eabi/11.3.1/thumb/v7e-m+fp/hard\libgcc.a(_fixunsdfdi.o)
                0x0000000008000ce8                __fixunsdfdi
                0x0000000008000ce8                __aeabi_d2ulz
 .text          0x0000000008000d24      0x2c8 D:/stm32cubeide/STM32CubeIDE_1.14.1/STM32CubeIDE/plugins/com.st.stm32cube.ide.mcu.externaltools.gnu-tools-for-stm32.11.3.rel1.win32_1.1.100.202309141235/tools/bin/../lib/gcc/arm-none-eabi/11.3.1/thumb/v7e-m+fp/hard\libgcc.a(_udivmoddi4.o)
                0x0000000008000d24                __udivmoddi4
 .text          0x0000000008000fec        0x4 D:/stm32cubeide/STM32CubeIDE_1.14.1/STM32CubeIDE/plugins/com.st.stm32cube.ide.mcu.externaltools.gnu-tools-for-stm32.11.3.rel1.win32_1.1.100.202309141235/tools/bin/../lib/gcc/arm-none-eabi/11.3.1/thumb/v7e-m+fp/hard\libgcc.a(_dvmd_tls.o)
                0x0000000008000fec                __aeabi_idiv0
                0x0000000008000fec                __aeabi_ldiv0
 *(.text*)
 .text._ZSt5isnanf
                0x0000000008000ff0       0x38 ./Core/Src/main.o
                0x0000000008000ff0                std::isnan(float)
 .text._ZSt5isnand
                0x0000000008001028       0x38 ./Core/Src/main.o
                0x0000000008001028                std::isnan(double)
 .text.main     0x0000000008001060      0x41c ./Core/Src/main.o
                0x0000000008001060                main
 .text._Z18SystemClock_Configv
                0x000000000800147c       0xaa ./Core/Src/main.o
                0x000000000800147c                SystemClock_Config()
 *fill*         0x0000000008001526        0x2 
 .text._ZL12MX_I2C1_Initv
                0x0000000008001528       0x9c ./Core/Src/main.o
 .text._ZL19MX_USART2_UART_Initv
                0x00000000080015c4       0x68 ./Core/Src/main.o
 .text._ZL12MX_GPIO_Initv
                0x000000000800162c       0x30 ./Core/Src/main.o
 .text.Error_Handler
                0x000000000800165c        0xa ./Core/Src/main.o
                0x000000000800165c                Error_Handler
 *fill*         0x0000000008001666        0x2 
 .text._Z41__static_initialization_and_destruction_0ii
                0x0000000008001668       0x78 ./Core/Src/main.o
 .text._GLOBAL__sub_I_hi2c1
                0x00000000080016e0       0x10 ./Core/Src/main.o
 .text._GLOBAL__sub_D_hi2c1
                0x00000000080016f0       0x10 ./Core/Src/main.o
 .text.HAL_MspInit
                0x0000000008001700       0x48 ./Core/Src/stm32l4xx_hal_msp.o
                0x0000000008001700                HAL_MspInit
 .text.HAL_I2C_MspInit
                0x0000000008001748       0xb0 ./Core/Src/stm32l4xx_hal_msp.o
                0x0000000008001748                HAL_I2C_MspInit
 .text.HAL_UART_MspInit
                0x00000000080017f8       0xb0 ./Core/Src/stm32l4xx_hal_msp.o
                0x00000000080017f8                HAL_UART_MspInit
 .text.NMI_Handler
                0x00000000080018a8        0x6 ./Core/Src/stm32l4xx_it.o
                0x00000000080018a8                NMI_Handler
 .text.HardFault_Handler
                0x00000000080018ae        0x6 ./Core/Src/stm32l4xx_it.o
                0x00000000080018ae                HardFault_Handler
 .text.MemManage_Handler
                0x00000000080018b4        0x6 ./Core/Src/stm32l4xx_it.o
                0x00000000080018b4                MemManage_Handler
 .text.BusFault_Handler
                0x00000000080018ba        0x6 ./Core/Src/stm32l4xx_it.o
                0x00000000080018ba                BusFault_Handler
 .text.UsageFault_Handler
                0x00000000080018c0        0x6 ./Core/Src/stm32l4xx_it.o
                0x00000000080018c0                UsageFault_Handler
 .text.SVC_Handler
                0x00000000080018c6        0xe ./Core/Src/stm32l4xx_it.o
                0x00000000080018c6                SVC_Handler
 .text.DebugMon_Handler
                0x00000000080018d4        0xe ./Core/Src/stm32l4xx_it.o
                0x00000000080018d4                DebugMon_Handler
 .text.PendSV_Handler
                0x00000000080018e2        0xe ./Core/Src/stm32l4xx_it.o
                0x00000000080018e2                PendSV_Handler
 .text.SysTick_Handler
                0x00000000080018f0        0xc ./Core/Src/stm32l4xx_it.o
                0x00000000080018f0                SysTick_Handler
 .text._getpid  0x00000000080018fc       0x10 ./Core/Src/syscalls.o
                0x00000000080018fc                _getpid
 .text._kill    0x000000000800190c       0x20 ./Core/Src/syscalls.o
                0x000000000800190c                _kill
 .text._exit    0x000000000800192c       0x14 ./Core/Src/syscalls.o
                0x000000000800192c                _exit
 .text._read    0x0000000008001940       0x3a ./Core/Src/syscalls.o
                0x0000000008001940                _read
 .text._write   0x000000000800197a       0x38 ./Core/Src/syscalls.o
                0x000000000800197a                _write
 .text._close   0x00000000080019b2       0x18 ./Core/Src/syscalls.o
                0x00000000080019b2                _close
 .text._fstat   0x00000000080019ca       0x20 ./Core/Src/syscalls.o
                0x00000000080019ca                _fstat
 .text._isatty  0x00000000080019ea       0x16 ./Core/Src/syscalls.o
                0x00000000080019ea                _isatty
 .text._lseek   0x0000000008001a00       0x1a ./Core/Src/syscalls.o
                0x0000000008001a00                _lseek
 *fill*         0x0000000008001a1a        0x2 
 .text._sbrk    0x0000000008001a1c       0x6c ./Core/Src/sysmem.o
                0x0000000008001a1c                _sbrk
 .text.SystemInit
                0x0000000008001a88       0x24 ./Core/Src/system_stm32l4xx.o
                0x0000000008001a88                SystemInit
 .text.Reset_Handler
                0x0000000008001aac       0x50 ./Core/Startup/startup_stm32l432kcux.o
                0x0000000008001aac                Reset_Handler
 .text.Default_Handler
                0x0000000008001afc        0x2 ./Core/Startup/startup_stm32l432kcux.o
                0x0000000008001afc                RTC_Alarm_IRQHandler
                0x0000000008001afc                EXTI2_IRQHandler
                0x0000000008001afc                TIM1_CC_IRQHandler
                0x0000000008001afc                TSC_IRQHandler
                0x0000000008001afc                TAMP_STAMP_IRQHandler
                0x0000000008001afc                EXTI3_IRQHandler
                0x0000000008001afc                LPTIM2_IRQHandler
                0x0000000008001afc                I2C3_ER_IRQHandler
                0x0000000008001afc                EXTI0_IRQHandler
                0x0000000008001afc                CAN1_RX0_IRQHandler
                0x0000000008001afc                FPU_IRQHandler
                0x0000000008001afc                TIM1_UP_TIM16_IRQHandler
                0x0000000008001afc                SPI1_IRQHandler
                0x0000000008001afc                TIM6_DAC_IRQHandler
                0x0000000008001afc                DMA2_Channel2_IRQHandler
                0x0000000008001afc                DMA1_Channel4_IRQHandler
                0x0000000008001afc                ADC1_IRQHandler
                0x0000000008001afc                DMA1_Channel7_IRQHandler
                0x0000000008001afc                CAN1_RX1_IRQHandler
                0x0000000008001afc                DMA2_Channel1_IRQHandler
                0x0000000008001afc                QUADSPI_IRQHandler
                0x0000000008001afc                I2C1_EV_IRQHandler
                0x0000000008001afc                DMA1_Channel6_IRQHandler
                0x0000000008001afc                DMA2_Channel4_IRQHandler
                0x0000000008001afc                RCC_IRQHandler
                0x0000000008001afc                TIM1_TRG_COM_IRQHandler
                0x0000000008001afc                DMA1_Channel1_IRQHandler
                0x0000000008001afc                Default_Handler
                0x0000000008001afc                DMA2_Channel7_IRQHandler
                0x0000000008001afc                EXTI15_10_IRQHandler
                0x0000000008001afc                TIM7_IRQHandler
                0x0000000008001afc                I2C3_EV_IRQHandler
                0x0000000008001afc                USB_IRQHandler
                0x0000000008001afc                EXTI9_5_IRQHandler
                0x0000000008001afc                RTC_WKUP_IRQHandler
                0x0000000008001afc                PVD_PVM_IRQHandler
                0x0000000008001afc                CAN1_TX_IRQHandler
                0x0000000008001afc                DMA2_Channel5_IRQHandler
                0x0000000008001afc                CRS_IRQHandler
                0x0000000008001afc                DMA1_Channel5_IRQHandler
                0x0000000008001afc                EXTI4_IRQHandler
                0x0000000008001afc                RNG_IRQHandler
                0x0000000008001afc                DMA1_Channel3_IRQHandler
                0x0000000008001afc                COMP_IRQHandler
                0x0000000008001afc                WWDG_IRQHandler
                0x0000000008001afc                LPUART1_IRQHandler
                0x0000000008001afc                DMA2_Channel6_IRQHandler
                0x0000000008001afc                TIM2_IRQHandler
                0x0000000008001afc                EXTI1_IRQHandler
                0x0000000008001afc                USART2_IRQHandler
                0x0000000008001afc                DMA1_Channel2_IRQHandler
                0x0000000008001afc                CAN1_SCE_IRQHandler
                0x0000000008001afc                FLASH_IRQHandler
                0x0000000008001afc                USART1_IRQHandler
                0x0000000008001afc                SPI3_IRQHandler
                0x0000000008001afc                I2C1_ER_IRQHandler
                0x0000000008001afc                SWPMI1_IRQHandler
                0x0000000008001afc                LPTIM1_IRQHandler
                0x0000000008001afc                SAI1_IRQHandler
                0x0000000008001afc                DMA2_Channel3_IRQHandler
                0x0000000008001afc                TIM1_BRK_TIM15_IRQHandler
 .text.HAL_Init
                0x0000000008001afe       0x30 ./Drivers/STM32L4xx_HAL_Driver/Src/stm32l4xx_hal.o
                0x0000000008001afe                HAL_Init
 *fill*         0x0000000008001b2e        0x2 
 .text.HAL_InitTick
                0x0000000008001b30       0x78 ./Drivers/STM32L4xx_HAL_Driver/Src/stm32l4xx_hal.o
                0x0000000008001b30                HAL_InitTick
 .text.HAL_IncTick
                0x0000000008001ba8       0x28 ./Drivers/STM32L4xx_HAL_Driver/Src/stm32l4xx_hal.o
                0x0000000008001ba8                HAL_IncTick
 .text.HAL_GetTick
                0x0000000008001bd0       0x18 ./Drivers/STM32L4xx_HAL_Driver/Src/stm32l4xx_hal.o
                0x0000000008001bd0                HAL_GetTick
 .text.HAL_Delay
                0x0000000008001be8       0x48 ./Drivers/STM32L4xx_HAL_Driver/Src/stm32l4xx_hal.o
                0x0000000008001be8                HAL_Delay
 .text.__NVIC_SetPriorityGrouping
                0x0000000008001c30       0x48 ./Drivers/STM32L4xx_HAL_Driver/Src/stm32l4xx_hal_cortex.o
 .text.__NVIC_GetPriorityGrouping
                0x0000000008001c78       0x1c ./Drivers/STM32L4xx_HAL_Driver/Src/stm32l4xx_hal_cortex.o
 .text.__NVIC_SetPriority
                0x0000000008001c94       0x54 ./Drivers/STM32L4xx_HAL_Driver/Src/stm32l4xx_hal_cortex.o
 .text.NVIC_EncodePriority
                0x0000000008001ce8       0x66 ./Drivers/STM32L4xx_HAL_Driver/Src/stm32l4xx_hal_cortex.o
 *fill*         0x0000000008001d4e        0x2 
 .text.SysTick_Config
                0x0000000008001d50       0x44 ./Drivers/STM32L4xx_HAL_Driver/Src/stm32l4xx_hal_cortex.o
 .text.HAL_NVIC_SetPriorityGrouping
                0x0000000008001d94       0x16 ./Drivers/STM32L4xx_HAL_Driver/Src/stm32l4xx_hal_cortex.o
                0x0000000008001d94                HAL_NVIC_SetPriorityGrouping
 .text.HAL_NVIC_SetPriority
                0x0000000008001daa       0x38 ./Drivers/STM32L4xx_HAL_Driver/Src/stm32l4xx_hal_cortex.o
                0x0000000008001daa                HAL_NVIC_SetPriority
 .text.HAL_SYSTICK_Config
                0x0000000008001de2       0x18 ./Drivers/STM32L4xx_HAL_Driver/Src/stm32l4xx_hal_cortex.o
                0x0000000008001de2                HAL_SYSTICK_Config
 *fill*         0x0000000008001dfa        0x2 
 .text.HAL_GPIO_Init
                0x0000000008001dfc      0x2d4 ./Drivers/STM32L4xx_HAL_Driver/Src/stm32l4xx_hal_gpio.o
                0x0000000008001dfc                HAL_GPIO_Init
 .text.HAL_I2C_Init
                0x00000000080020d0      0x136 ./Drivers/STM32L4xx_HAL_Driver/Src/stm32l4xx_hal_i2c.o
                0x00000000080020d0                HAL_I2C_Init
 *fill*         0x0000000008002206        0x2 
 .text.HAL_I2C_Master_Transmit
                0x0000000008002208      0x230 ./Drivers/STM32L4xx_HAL_Driver/Src/stm32l4xx_hal_i2c.o
                0x0000000008002208                HAL_I2C_Master_Transmit
 .text.HAL_I2C_Master_Receive
                0x0000000008002438      0x1ec ./Drivers/STM32L4xx_HAL_Driver/Src/stm32l4xx_hal_i2c.o
                0x0000000008002438                HAL_I2C_Master_Receive
 .text.HAL_I2C_IsDeviceReady
                0x0000000008002624      0x212 ./Drivers/STM32L4xx_HAL_Driver/Src/stm32l4xx_hal_i2c.o
                0x0000000008002624                HAL_I2C_IsDeviceReady
 .text.I2C_Flush_TXDR
                0x0000000008002836       0x48 ./Drivers/STM32L4xx_HAL_Driver/Src/stm32l4xx_hal_i2c.o
 .text.I2C_WaitOnFlagUntilTimeout
                0x000000000800287e       0x9e ./Drivers/STM32L4xx_HAL_Driver/Src/stm32l4xx_hal_i2c.o
 .text.I2C_WaitOnTXISFlagUntilTimeout
                0x000000000800291c       0x8e ./Drivers/STM32L4xx_HAL_Driver/Src/stm32l4xx_hal_i2c.o
 .text.I2C_WaitOnSTOPFlagUntilTimeout
                0x00000000080029aa       0x86 ./Drivers/STM32L4xx_HAL_Driver/Src/stm32l4xx_hal_i2c.o
 .text.I2C_WaitOnRXNEFlagUntilTimeout
                0x0000000008002a30      0x104 ./Drivers/STM32L4xx_HAL_Driver/Src/stm32l4xx_hal_i2c.o
 .text.I2C_IsErrorOccurred
                0x0000000008002b34      0x1c0 ./Drivers/STM32L4xx_HAL_Driver/Src/stm32l4xx_hal_i2c.o
 .text.I2C_TransferConfig
                0x0000000008002cf4       0x64 ./Drivers/STM32L4xx_HAL_Driver/Src/stm32l4xx_hal_i2c.o
 .text.HAL_I2CEx_ConfigAnalogFilter
                0x0000000008002d58       0x96 ./Drivers/STM32L4xx_HAL_Driver/Src/stm32l4xx_hal_i2c_ex.o
                0x0000000008002d58                HAL_I2CEx_ConfigAnalogFilter
 .text.HAL_I2CEx_ConfigDigitalFilter
                0x0000000008002dee       0x98 ./Drivers/STM32L4xx_HAL_Driver/Src/stm32l4xx_hal_i2c_ex.o
                0x0000000008002dee                HAL_I2CEx_ConfigDigitalFilter
 *fill*         0x0000000008002e86        0x2 
 .text.HAL_PWREx_GetVoltageRange
                0x0000000008002e88       0x1c ./Drivers/STM32L4xx_HAL_Driver/Src/stm32l4xx_hal_pwr_ex.o
                0x0000000008002e88                HAL_PWREx_GetVoltageRange
 .text.HAL_PWREx_ControlVoltageScaling
                0x0000000008002ea4       0xac ./Drivers/STM32L4xx_HAL_Driver/Src/stm32l4xx_hal_pwr_ex.o
                0x0000000008002ea4                HAL_PWREx_ControlVoltageScaling
 .text.HAL_RCC_OscConfig
                0x0000000008002f50      0x828 ./Drivers/STM32L4xx_HAL_Driver/Src/stm32l4xx_hal_rcc.o
                0x0000000008002f50                HAL_RCC_OscConfig
 .text.HAL_RCC_ClockConfig
                0x0000000008003778      0x200 ./Drivers/STM32L4xx_HAL_Driver/Src/stm32l4xx_hal_rcc.o
                0x0000000008003778                HAL_RCC_ClockConfig
 .text.HAL_RCC_GetSysClockFreq
                0x0000000008003978      0x118 ./Drivers/STM32L4xx_HAL_Driver/Src/stm32l4xx_hal_rcc.o
                0x0000000008003978                HAL_RCC_GetSysClockFreq
 .text.HAL_RCC_GetHCLKFreq
                0x0000000008003a90       0x18 ./Drivers/STM32L4xx_HAL_Driver/Src/stm32l4xx_hal_rcc.o
                0x0000000008003a90                HAL_RCC_GetHCLKFreq
 .text.HAL_RCC_GetPCLK1Freq
                0x0000000008003aa8       0x2c ./Drivers/STM32L4xx_HAL_Driver/Src/stm32l4xx_hal_rcc.o
                0x0000000008003aa8                HAL_RCC_GetPCLK1Freq
 .text.HAL_RCC_GetPCLK2Freq
                0x0000000008003ad4       0x2c ./Drivers/STM32L4xx_HAL_Driver/Src/stm32l4xx_hal_rcc.o
                0x0000000008003ad4                HAL_RCC_GetPCLK2Freq
 .text.RCC_SetFlashLatencyFromMSIRange
                0x0000000008003b00       0xc0 ./Drivers/STM32L4xx_HAL_Driver/Src/stm32l4xx_hal_rcc.o
 .text.HAL_RCCEx_PeriphCLKConfig
                0x0000000008003bc0      0x3ec ./Drivers/STM32L4xx_HAL_Driver/Src/stm32l4xx_hal_rcc_ex.o
                0x0000000008003bc0                HAL_RCCEx_PeriphCLKConfig
 .text.RCCEx_PLLSAI1_Config
                0x0000000008003fac      0x1e4 ./Drivers/STM32L4xx_HAL_Driver/Src/stm32l4xx_hal_rcc_ex.o
 .text.HAL_UART_Init
                0x0000000008004190       0x9c ./Drivers/STM32L4xx_HAL_Driver/Src/stm32l4xx_hal_uart.o
                0x0000000008004190                HAL_UART_Init
 .text.HAL_UART_Transmit
                0x000000000800422c      0x114 ./Drivers/STM32L4xx_HAL_Driver/Src/stm32l4xx_hal_uart.o
                0x000000000800422c                HAL_UART_Transmit
 .text.UART_SetConfig
                0x0000000008004340      0x458 ./Drivers/STM32L4xx_HAL_Driver/Src/stm32l4xx_hal_uart.o
                0x0000000008004340                UART_SetConfig
 .text.UART_AdvFeatureConfig
                0x0000000008004798      0x144 ./Drivers/STM32L4xx_HAL_Driver/Src/stm32l4xx_hal_uart.o
                0x0000000008004798                UART_AdvFeatureConfig
 .text.UART_CheckIdleState
                0x00000000080048dc      0x150 ./Drivers/STM32L4xx_HAL_Driver/Src/stm32l4xx_hal_uart.o
                0x00000000080048dc                UART_CheckIdleState
 .text.UART_WaitOnFlagUntilTimeout
                0x0000000008004a2c       0xce ./Drivers/STM32L4xx_HAL_Driver/Src/stm32l4xx_hal_uart.o
                0x0000000008004a2c                UART_WaitOnFlagUntilTimeout
 .text.UART_EndRxTransfer
                0x0000000008004afa       0xc8 ./Drivers/STM32L4xx_HAL_Driver/Src/stm32l4xx_hal_uart.o
 *fill*         0x0000000008004bc2        0x2 
 .text._ZN5AHT20C2EP19__I2C_HandleTypeDef
                0x0000000008004bc4       0x40 ./aht20/AHT20.o
                0x0000000008004bc4                AHT20::AHT20(__I2C_HandleTypeDef*)
                0x0000000008004bc4                AHT20::AHT20(__I2C_HandleTypeDef*)
 .text._ZN5AHT20D2Ev
                0x0000000008004c04       0x28 ./aht20/AHT20.o
                0x0000000008004c04                AHT20::~AHT20()
                0x0000000008004c04                AHT20::~AHT20()
 .text._ZN5AHT20D0Ev
                0x0000000008004c2c       0x20 ./aht20/AHT20.o
                0x0000000008004c2c                AHT20::~AHT20()
 .text._ZN5AHT209softResetEv
                0x0000000008004c4c       0x2c ./aht20/AHT20.o
                0x0000000008004c4c                AHT20::softReset()
 .text._ZN5AHT205_InitEv
                0x0000000008004c78       0x40 ./aht20/AHT20.o
                0x0000000008004c78                AHT20::_Init()
 .text._ZN5AHT2017_startmeasurementEv
                0x0000000008004cb8       0x4a ./aht20/AHT20.o
                0x0000000008004cb8                AHT20::_startmeasurement()
 *fill*         0x0000000008004d02        0x2 
 .text._ZN5AHT2016ReadTempHumidityEPfS0_
                0x0000000008004d04      0x17c ./aht20/AHT20.o
                0x0000000008004d04                AHT20::ReadTempHumidity(float*, float*)
 .text._ZN5AHT2013readStatusRegEv
                0x0000000008004e80       0x5a ./aht20/AHT20.o
                0x0000000008004e80                AHT20::readStatusReg()
 .text.crc8     0x0000000008004eda       0x72 ./aht20/AHT20.o
 .text._ZN5AHT204mainEv
                0x0000000008004f4c      0x1d0 ./aht20/AHT20.o
                0x0000000008004f4c                AHT20::main()
 .text._ZN5AHT2011checkDeviceEv
                0x000000000800511c       0x32 ./aht20/AHT20.o
                0x000000000800511c                AHT20::checkDevice()
 .text._ZN5AHT2015getTempHumidityEPfS0_
                0x000000000800514e       0x28 ./aht20/AHT20.o
                0x000000000800514e                AHT20::getTempHumidity(float*, float*)
 .text._ZN5AHT207newDataEv
                0x0000000008005176       0x22 ./aht20/AHT20.o
                0x0000000008005176                AHT20::newData()
 .text._ZN6BME2806bme280C2Ev
                0x0000000008005198       0x28 ./bme280/BME280.o
                0x0000000008005198                BME280::bme280::bme280()
                0x0000000008005198                BME280::bme280::bme280()
 .text._ZN6BME2806bme280D2Ev
                0x00000000080051c0       0x28 ./bme280/BME280.o
                0x00000000080051c0                BME280::bme280::~bme280()
                0x00000000080051c0                BME280::bme280::~bme280()
 .text._ZN6BME2806bme280D0Ev
                0x00000000080051e8       0x20 ./bme280/BME280.o
                0x00000000080051e8                BME280::bme280::~bme280()
 .text._ZN6BME2806bme2804initEv
                0x0000000008005208       0x16 ./bme280/BME280.o
                0x0000000008005208                BME280::bme280::init()
 .text._ZN6BME2809bme280i2c4initEv
                0x000000000800521e       0x34 ./bme280/BME280.o
                0x000000000800521e                BME280::bme280i2c::init()
 *fill*         0x0000000008005252        0x2 
 .text._ZN6BME2806bme2804mainEv
                0x0000000008005254      0x204 ./bme280/BME280.o
                0x0000000008005254                BME280::bme280::main()
 .text._ZN6BME2806bme2808readReg8EPNS_13bme280_reg8_tE
                0x0000000008005458       0x18 ./bme280/BME280.o
                0x0000000008005458                BME280::bme280::readReg8(BME280::bme280_reg8_t*)
 .text._ZN6BME2806bme2809writeReg8EPNS_13bme280_reg8_tE
                0x0000000008005470       0x18 ./bme280/BME280.o
                0x0000000008005470                BME280::bme280::writeReg8(BME280::bme280_reg8_t*)
 .text._ZN6BME2806bme28012readRegMultiENS_17bme280_reg_addr_tEPhh
                0x0000000008005488       0x20 ./bme280/BME280.o
                0x0000000008005488                BME280::bme280::readRegMulti(BME280::bme280_reg_addr_t, unsigned char*, unsigned char)
 .text._ZN6BME2806bme28013writeRegMultiEv
                0x00000000080054a8       0x14 ./bme280/BME280.o
                0x00000000080054a8                BME280::bme280::writeRegMulti()
 .text._ZN6BME2806bme2805resetEv
                0x00000000080054bc       0x2c ./bme280/BME280.o
                0x00000000080054bc                BME280::bme280::reset()
 .text._ZN6BME2806bme28026bme280_compensate_T_doubleEl
                0x00000000080054e8      0x190 ./bme280/BME280.o
                0x00000000080054e8                BME280::bme280::bme280_compensate_T_double(long)
 .text._ZN6BME2806bme28026bme280_compensate_P_doubleEl
                0x0000000008005678      0x2bc ./bme280/BME280.o
                0x0000000008005678                BME280::bme280::bme280_compensate_P_double(long)
 .text._ZN6BME2806bme28026bme280_compensate_H_doubleEl
                0x0000000008005934      0x21c ./bme280/BME280.o
                0x0000000008005934                BME280::bme280::bme280_compensate_H_double(long)
 .text._ZN6BME2806bme2809readIDRegEv
                0x0000000008005b50       0x3c ./bme280/BME280.o
                0x0000000008005b50                BME280::bme280::readIDReg()
 .text._ZN6BME2806bme28013readStatusRegEv
                0x0000000008005b8c       0x28 ./bme280/BME280.o
                0x0000000008005b8c                BME280::bme280::readStatusReg()
 .text._ZN6BME2806bme2807readCalEv
                0x0000000008005bb4      0x17c ./bme280/BME280.o
                0x0000000008005bb4                BME280::bme280::readCal()
 .text._ZN6BME2806bme28010readHumCalEv
                0x0000000008005d30       0xea ./bme280/BME280.o
                0x0000000008005d30                BME280::bme280::readHumCal()
 .text._ZN6BME2806bme28014setCtrlMeasRegENS_15bme280_osrs_t_tENS_15bme280_osrs_p_tENS_13bme280_mode_tE
                0x0000000008005e1a       0x4c ./bme280/BME280.o
                0x0000000008005e1a                BME280::bme280::setCtrlMeasReg(BME280::bme280_osrs_t_t, BME280::bme280_osrs_p_t, BME280::bme280_mode_t)
 .text._ZN6BME2806bme28012setConfigRegENS_11bme280_sb_tENS_15bme280_filter_tENS_13bme280_spi_enE
                0x0000000008005e66       0x64 ./bme280/BME280.o
                0x0000000008005e66                BME280::bme280::setConfigReg(BME280::bme280_sb_t, BME280::bme280_filter_t, BME280::bme280_spi_en)
 .text._ZN6BME2806bme28013setCtrlHumRegENS_15bme280_osrs_h_tE
                0x0000000008005eca       0x3e ./bme280/BME280.o
                0x0000000008005eca                BME280::bme280::setCtrlHumReg(BME280::bme280_osrs_h_t)
 .text._ZN6BME2806bme28016startMeasurementEv
                0x0000000008005f08       0x48 ./bme280/BME280.o
                0x0000000008005f08                BME280::bme280::startMeasurement()
 .text._ZN6BME2806bme28019readTempPressureHumEPdS1_S1_
                0x0000000008005f50      0x146 ./bme280/BME280.o
                0x0000000008005f50                BME280::bme280::readTempPressureHum(double*, double*, double*)
 .text._ZN6BME2806bme2807newDataEv
                0x0000000008006096       0x26 ./bme280/BME280.o
                0x0000000008006096                BME280::bme280::newData()
 .text._ZN6BME2806bme28014GetTemperatureEPd
                0x00000000080060bc       0x2c ./bme280/BME280.o
                0x00000000080060bc                BME280::bme280::GetTemperature(double*)
 .text._ZN6BME2806bme28011GetPressureEPd
                0x00000000080060e8       0x2c ./bme280/BME280.o
                0x00000000080060e8                BME280::bme280::GetPressure(double*)
 .text._ZN6BME2806bme28011GetHumidityEPd
                0x0000000008006114       0x2c ./bme280/BME280.o
                0x0000000008006114                BME280::bme280::GetHumidity(double*)
 .text._ZN6BME2809bme280i2cC2EP19__I2C_HandleTypeDefNS_17bme280_i2c_addr_tE
                0x0000000008006140       0x48 ./bme280/BME280.o
                0x0000000008006140                BME280::bme280i2c::bme280i2c(__I2C_HandleTypeDef*, BME280::bme280_i2c_addr_t)
                0x0000000008006140                BME280::bme280i2c::bme280i2c(__I2C_HandleTypeDef*, BME280::bme280_i2c_addr_t)
 .text._ZN6BME2809bme280i2cD2Ev
                0x0000000008006188       0x30 ./bme280/BME280.o
                0x0000000008006188                BME280::bme280i2c::~bme280i2c()
                0x0000000008006188                BME280::bme280i2c::~bme280i2c()
 .text._ZN6BME2809bme280i2cD0Ev
                0x00000000080061b8       0x20 ./bme280/BME280.o
                0x00000000080061b8                BME280::bme280i2c::~bme280i2c()
 .text._ZN6BME2809bme280i2c8readReg8EPNS_13bme280_reg8_tE
                0x00000000080061d8       0x5a ./bme280/BME280.o
                0x00000000080061d8                BME280::bme280i2c::readReg8(BME280::bme280_reg8_t*)
 .text._ZN6BME2809bme280i2c9writeReg8EPNS_13bme280_reg8_tE
                0x0000000008006232       0x3a ./bme280/BME280.o
                0x0000000008006232                BME280::bme280i2c::writeReg8(BME280::bme280_reg8_t*)
 .text._ZN6BME2809bme280i2c12readRegMultiENS_17bme280_reg_addr_tEPhh
                0x000000000800626c       0x54 ./bme280/BME280.o
                0x000000000800626c                BME280::bme280i2c::readRegMulti(BME280::bme280_reg_addr_t, unsigned char*, unsigned char)
 .text._ZN6BME2809bme280i2c13writeRegMultiEv
                0x00000000080062c0       0x14 ./bme280/BME280.o
                0x00000000080062c0                BME280::bme280i2c::writeRegMulti()
 .text._ZN5SHT31C2E13SHT31_param_t
                0x00000000080062d4       0x88 ./sht31/SHT31.o
                0x00000000080062d4                SHT31::SHT31(SHT31_param_t)
                0x00000000080062d4                SHT31::SHT31(SHT31_param_t)
 .text._ZN5SHT31D2Ev
                0x000000000800635c       0x26 ./sht31/SHT31.o
                0x000000000800635c                SHT31::~SHT31()
                0x000000000800635c                SHT31::~SHT31()
 .text._ZN5SHT3110readStatusEv
                0x0000000008006382       0x48 ./sht31/SHT31.o
                0x0000000008006382                SHT31::readStatus()
 .text._ZN5SHT315resetEv
                0x00000000080063ca       0x1c ./sht31/SHT31.o
                0x00000000080063ca                SHT31::reset()
 .text.crc8     0x00000000080063e6       0x72 ./sht31/SHT31.o
 .text._ZN5SHT3112writeCommandEt
                0x0000000008006458       0x3e ./sht31/SHT31.o
                0x0000000008006458                SHT31::writeCommand(unsigned short)
 *fill*         0x0000000008006496        0x2 
 .text._ZN5SHT319FetchDataEPfS0_
                0x0000000008006498      0x220 ./sht31/SHT31.o
                0x0000000008006498                SHT31::FetchData(float*, float*)
 .text._ZN5SHT3116_setperiodicmodeE19SHT31_Sample_Rate_t
                0x00000000080066b8       0xfc ./sht31/SHT31.o
                0x00000000080066b8                SHT31::_setperiodicmode(SHT31_Sample_Rate_t)
 .text._ZN5SHT3111clearStatusEv
                0x00000000080067b4       0x30 ./sht31/SHT31.o
                0x00000000080067b4                SHT31::clearStatus()
 .text._ZN5SHT314mainEv
                0x00000000080067e4      0x294 ./sht31/SHT31.o
                0x00000000080067e4                SHT31::main()
 .text._ZN5SHT3111checkDeviceEv
                0x0000000008006a78       0x32 ./sht31/SHT31.o
                0x0000000008006a78                SHT31::checkDevice()
 .text._ZN5SHT319SendBreakEv
                0x0000000008006aaa       0x36 ./sht31/SHT31.o
                0x0000000008006aaa                SHT31::SendBreak()
 .text._ZN5SHT3124_SHT31_force_measurementEv
                0x0000000008006ae0       0x20 ./sht31/SHT31.o
                0x0000000008006ae0                SHT31::_SHT31_force_measurement()
 .text._ZN5SHT3114GetTemperatureEPf
                0x0000000008006b00       0x2c ./sht31/SHT31.o
                0x0000000008006b00                SHT31::GetTemperature(float*)
 .text._ZN5SHT3111GetHumidityEPf
                0x0000000008006b2c       0x2c ./sht31/SHT31.o
                0x0000000008006b2c                SHT31::GetHumidity(float*)
 .text._ZN5SHT317newDataEv
                0x0000000008006b58       0x18 ./sht31/SHT31.o
                0x0000000008006b58                SHT31::newData()
 .text._ZdlPvj  0x0000000008006b70        0x4 D:/stm32cubeide/STM32CubeIDE_1.14.1/STM32CubeIDE/plugins/com.st.stm32cube.ide.mcu.externaltools.gnu-tools-for-stm32.11.3.rel1.win32_1.1.100.202309141235/tools/bin/../lib/gcc/arm-none-eabi/11.3.1/../../../../arm-none-eabi/lib/thumb/v7e-m+fp/hard\libstdc++_nano.a(del_ops.o)
                0x0000000008006b70                operator delete(void*, unsigned int)
 .text._ZdlPv   0x0000000008006b74        0x4 D:/stm32cubeide/STM32CubeIDE_1.14.1/STM32CubeIDE/plugins/com.st.stm32cube.ide.mcu.externaltools.gnu-tools-for-stm32.11.3.rel1.win32_1.1.100.202309141235/tools/bin/../lib/gcc/arm-none-eabi/11.3.1/../../../../arm-none-eabi/lib/thumb/v7e-m+fp/hard\libstdc++_nano.a(del_op.o)
                0x0000000008006b74                operator delete(void*)
 .text.malloc   0x0000000008006b78       0x10 D:/stm32cubeide/STM32CubeIDE_1.14.1/STM32CubeIDE/plugins/com.st.stm32cube.ide.mcu.externaltools.gnu-tools-for-stm32.11.3.rel1.win32_1.1.100.202309141235/tools/bin/../lib/gcc/arm-none-eabi/11.3.1/../../../../arm-none-eabi/lib/thumb/v7e-m+fp/hard\libc_nano.a(libc_a-malloc.o)
                0x0000000008006b78                malloc
 .text.free     0x0000000008006b88       0x10 D:/stm32cubeide/STM32CubeIDE_1.14.1/STM32CubeIDE/plugins/com.st.stm32cube.ide.mcu.externaltools.gnu-tools-for-stm32.11.3.rel1.win32_1.1.100.202309141235/tools/bin/../lib/gcc/arm-none-eabi/11.3.1/../../../../arm-none-eabi/lib/thumb/v7e-m+fp/hard\libc_nano.a(libc_a-malloc.o)
                0x0000000008006b88                free
 .text.sbrk_aligned
                0x0000000008006b98       0x40 D:/stm32cubeide/STM32CubeIDE_1.14.1/STM32CubeIDE/plugins/com.st.stm32cube.ide.mcu.externaltools.gnu-tools-for-stm32.11.3.rel1.win32_1.1.100.202309141235/tools/bin/../lib/gcc/arm-none-eabi/11.3.1/../../../../arm-none-eabi/lib/thumb/v7e-m+fp/hard\libc_nano.a(libc_a-mallocr.o)
 .text._malloc_r
                0x0000000008006bd8      0x100 D:/stm32cubeide/STM32CubeIDE_1.14.1/STM32CubeIDE/plugins/com.st.stm32cube.ide.mcu.externaltools.gnu-tools-for-stm32.11.3.rel1.win32_1.1.100.202309141235/tools/bin/../lib/gcc/arm-none-eabi/11.3.1/../../../../arm-none-eabi/lib/thumb/v7e-m+fp/hard\libc_nano.a(libc_a-mallocr.o)
                0x0000000008006bd8                _malloc_r
 .text.__malloc_lock
                0x0000000008006cd8        0xc D:/stm32cubeide/STM32CubeIDE_1.14.1/STM32CubeIDE/plugins/com.st.stm32cube.ide.mcu.externaltools.gnu-tools-for-stm32.11.3.rel1.win32_1.1.100.202309141235/tools/bin/../lib/gcc/arm-none-eabi/11.3.1/../../../../arm-none-eabi/lib/thumb/v7e-m+fp/hard\libc_nano.a(libc_a-mlock.o)
                0x0000000008006cd8                __malloc_lock
 .text.__malloc_unlock
                0x0000000008006ce4        0xc D:/stm32cubeide/STM32CubeIDE_1.14.1/STM32CubeIDE/plugins/com.st.stm32cube.ide.mcu.externaltools.gnu-tools-for-stm32.11.3.rel1.win32_1.1.100.202309141235/tools/bin/../lib/gcc/arm-none-eabi/11.3.1/../../../../arm-none-eabi/lib/thumb/v7e-m+fp/hard\libc_nano.a(libc_a-mlock.o)
                0x0000000008006ce4                __malloc_unlock
 .text.__cvt    0x0000000008006cf0       0xc4 D:/stm32cubeide/STM32CubeIDE_1.14.1/STM32CubeIDE/plugins/com.st.stm32cube.ide.mcu.externaltools.gnu-tools-for-stm32.11.3.rel1.win32_1.1.100.202309141235/tools/bin/../lib/gcc/arm-none-eabi/11.3.1/../../../../arm-none-eabi/lib/thumb/v7e-m+fp/hard\libc_nano.a(libc_a-nano-vfprintf_float.o)
                0x0000000008006cf0                __cvt
 .text.__exponent
                0x0000000008006db4       0x7c D:/stm32cubeide/STM32CubeIDE_1.14.1/STM32CubeIDE/plugins/com.st.stm32cube.ide.mcu.externaltools.gnu-tools-for-stm32.11.3.rel1.win32_1.1.100.202309141235/tools/bin/../lib/gcc/arm-none-eabi/11.3.1/../../../../arm-none-eabi/lib/thumb/v7e-m+fp/hard\libc_nano.a(libc_a-nano-vfprintf_float.o)
                0x0000000008006db4                __exponent
 .text._printf_float
                0x0000000008006e30      0x46c D:/stm32cubeide/STM32CubeIDE_1.14.1/STM32CubeIDE/plugins/com.st.stm32cube.ide.mcu.externaltools.gnu-tools-for-stm32.11.3.rel1.win32_1.1.100.202309141235/tools/bin/../lib/gcc/arm-none-eabi/11.3.1/../../../../arm-none-eabi/lib/thumb/v7e-m+fp/hard\libc_nano.a(libc_a-nano-vfprintf_float.o)
                0x0000000008006e30                _printf_float
 .text._printf_common
                0x000000000800729c       0xda D:/stm32cubeide/STM32CubeIDE_1.14.1/STM32CubeIDE/plugins/com.st.stm32cube.ide.mcu.externaltools.gnu-tools-for-stm32.11.3.rel1.win32_1.1.100.202309141235/tools/bin/../lib/gcc/arm-none-eabi/11.3.1/../../../../arm-none-eabi/lib/thumb/v7e-m+fp/hard\libc_nano.a(libc_a-nano-vfprintf_i.o)
                0x000000000800729c                _printf_common
 *fill*         0x0000000008007376        0x2 
 .text._printf_i
                0x0000000008007378      0x244 D:/stm32cubeide/STM32CubeIDE_1.14.1/STM32CubeIDE/plugins/com.st.stm32cube.ide.mcu.externaltools.gnu-tools-for-stm32.11.3.rel1.win32_1.1.100.202309141235/tools/bin/../lib/gcc/arm-none-eabi/11.3.1/../../../../arm-none-eabi/lib/thumb/v7e-m+fp/hard\libc_nano.a(libc_a-nano-vfprintf_i.o)
                0x0000000008007378                _printf_i
 .text._scanf_float
                0x00000000080075bc      0x420 D:/stm32cubeide/STM32CubeIDE_1.14.1/STM32CubeIDE/plugins/com.st.stm32cube.ide.mcu.externaltools.gnu-tools-for-stm32.11.3.rel1.win32_1.1.100.202309141235/tools/bin/../lib/gcc/arm-none-eabi/11.3.1/../../../../arm-none-eabi/lib/thumb/v7e-m+fp/hard\libc_nano.a(libc_a-nano-vfscanf_float.o)
                0x00000000080075bc                _scanf_float
 .text.std      0x00000000080079dc       0x6c D:/stm32cubeide/STM32CubeIDE_1.14.1/STM32CubeIDE/plugins/com.st.stm32cube.ide.mcu.externaltools.gnu-tools-for-stm32.11.3.rel1.win32_1.1.100.202309141235/tools/bin/../lib/gcc/arm-none-eabi/11.3.1/../../../../arm-none-eabi/lib/thumb/v7e-m+fp/hard\libc_nano.a(libc_a-findfp.o)
 .text.stdio_exit_handler
                0x0000000008007a48       0x18 D:/stm32cubeide/STM32CubeIDE_1.14.1/STM32CubeIDE/plugins/com.st.stm32cube.ide.mcu.externaltools.gnu-tools-for-stm32.11.3.rel1.win32_1.1.100.202309141235/tools/bin/../lib/gcc/arm-none-eabi/11.3.1/../../../../arm-none-eabi/lib/thumb/v7e-m+fp/hard\libc_nano.a(libc_a-findfp.o)
 .text.cleanup_stdio
                0x0000000008007a60       0x40 D:/stm32cubeide/STM32CubeIDE_1.14.1/STM32CubeIDE/plugins/com.st.stm32cube.ide.mcu.externaltools.gnu-tools-for-stm32.11.3.rel1.win32_1.1.100.202309141235/tools/bin/../lib/gcc/arm-none-eabi/11.3.1/../../../../arm-none-eabi/lib/thumb/v7e-m+fp/hard\libc_nano.a(libc_a-findfp.o)
 .text.global_stdio_init.part.0
                0x0000000008007aa0       0x3c D:/stm32cubeide/STM32CubeIDE_1.14.1/STM32CubeIDE/plugins/com.st.stm32cube.ide.mcu.externaltools.gnu-tools-for-stm32.11.3.rel1.win32_1.1.100.202309141235/tools/bin/../lib/gcc/arm-none-eabi/11.3.1/../../../../arm-none-eabi/lib/thumb/v7e-m+fp/hard\libc_nano.a(libc_a-findfp.o)
 .text.__sfp_lock_acquire
                0x0000000008007adc        0xc D:/stm32cubeide/STM32CubeIDE_1.14.1/STM32CubeIDE/plugins/com.st.stm32cube.ide.mcu.externaltools.gnu-tools-for-stm32.11.3.rel1.win32_1.1.100.202309141235/tools/bin/../lib/gcc/arm-none-eabi/11.3.1/../../../../arm-none-eabi/lib/thumb/v7e-m+fp/hard\libc_nano.a(libc_a-findfp.o)
                0x0000000008007adc                __sfp_lock_acquire
 .text.__sfp_lock_release
                0x0000000008007ae8        0xc D:/stm32cubeide/STM32CubeIDE_1.14.1/STM32CubeIDE/plugins/com.st.stm32cube.ide.mcu.externaltools.gnu-tools-for-stm32.11.3.rel1.win32_1.1.100.202309141235/tools/bin/../lib/gcc/arm-none-eabi/11.3.1/../../../../arm-none-eabi/lib/thumb/v7e-m+fp/hard\libc_nano.a(libc_a-findfp.o)
                0x0000000008007ae8                __sfp_lock_release
 .text.__sinit  0x0000000008007af4       0x30 D:/stm32cubeide/STM32CubeIDE_1.14.1/STM32CubeIDE/plugins/com.st.stm32cube.ide.mcu.externaltools.gnu-tools-for-stm32.11.3.rel1.win32_1.1.100.202309141235/tools/bin/../lib/gcc/arm-none-eabi/11.3.1/../../../../arm-none-eabi/lib/thumb/v7e-m+fp/hard\libc_nano.a(libc_a-findfp.o)
                0x0000000008007af4                __sinit
 .text._fwalk_sglue
                0x0000000008007b24       0x3c D:/stm32cubeide/STM32CubeIDE_1.14.1/STM32CubeIDE/plugins/com.st.stm32cube.ide.mcu.externaltools.gnu-tools-for-stm32.11.3.rel1.win32_1.1.100.202309141235/tools/bin/../lib/gcc/arm-none-eabi/11.3.1/../../../../arm-none-eabi/lib/thumb/v7e-m+fp/hard\libc_nano.a(libc_a-fwalk.o)
                0x0000000008007b24                _fwalk_sglue
 .text.printf   0x0000000008007b60       0x24 D:/stm32cubeide/STM32CubeIDE_1.14.1/STM32CubeIDE/plugins/com.st.stm32cube.ide.mcu.externaltools.gnu-tools-for-stm32.11.3.rel1.win32_1.1.100.202309141235/tools/bin/../lib/gcc/arm-none-eabi/11.3.1/../../../../arm-none-eabi/lib/thumb/v7e-m+fp/hard\libc_nano.a(libc_a-printf.o)
                0x0000000008007b60                iprintf
                0x0000000008007b60                printf
 .text.sprintf  0x0000000008007b84       0x40 D:/stm32cubeide/STM32CubeIDE_1.14.1/STM32CubeIDE/plugins/com.st.stm32cube.ide.mcu.externaltools.gnu-tools-for-stm32.11.3.rel1.win32_1.1.100.202309141235/tools/bin/../lib/gcc/arm-none-eabi/11.3.1/../../../../arm-none-eabi/lib/thumb/v7e-m+fp/hard\libc_nano.a(libc_a-sprintf.o)
                0x0000000008007b84                siprintf
                0x0000000008007b84                sprintf
 .text.__sread  0x0000000008007bc4       0x22 D:/stm32cubeide/STM32CubeIDE_1.14.1/STM32CubeIDE/plugins/com.st.stm32cube.ide.mcu.externaltools.gnu-tools-for-stm32.11.3.rel1.win32_1.1.100.202309141235/tools/bin/../lib/gcc/arm-none-eabi/11.3.1/../../../../arm-none-eabi/lib/thumb/v7e-m+fp/hard\libc_nano.a(libc_a-stdio.o)
                0x0000000008007bc4                __sread
 .text.__swrite
                0x0000000008007be6       0x38 D:/stm32cubeide/STM32CubeIDE_1.14.1/STM32CubeIDE/plugins/com.st.stm32cube.ide.mcu.externaltools.gnu-tools-for-stm32.11.3.rel1.win32_1.1.100.202309141235/tools/bin/../lib/gcc/arm-none-eabi/11.3.1/../../../../arm-none-eabi/lib/thumb/v7e-m+fp/hard\libc_nano.a(libc_a-stdio.o)
                0x0000000008007be6                __swrite
 .text.__sseek  0x0000000008007c1e       0x24 D:/stm32cubeide/STM32CubeIDE_1.14.1/STM32CubeIDE/plugins/com.st.stm32cube.ide.mcu.externaltools.gnu-tools-for-stm32.11.3.rel1.win32_1.1.100.202309141235/tools/bin/../lib/gcc/arm-none-eabi/11.3.1/../../../../arm-none-eabi/lib/thumb/v7e-m+fp/hard\libc_nano.a(libc_a-stdio.o)
                0x0000000008007c1e                __sseek
 .text.__sclose
                0x0000000008007c42        0x8 D:/stm32cubeide/STM32CubeIDE_1.14.1/STM32CubeIDE/plugins/com.st.stm32cube.ide.mcu.externaltools.gnu-tools-for-stm32.11.3.rel1.win32_1.1.100.202309141235/tools/bin/../lib/gcc/arm-none-eabi/11.3.1/../../../../arm-none-eabi/lib/thumb/v7e-m+fp/hard\libc_nano.a(libc_a-stdio.o)
                0x0000000008007c42                __sclose
 .text.memset   0x0000000008007c4a       0x10 D:/stm32cubeide/STM32CubeIDE_1.14.1/STM32CubeIDE/plugins/com.st.stm32cube.ide.mcu.externaltools.gnu-tools-for-stm32.11.3.rel1.win32_1.1.100.202309141235/tools/bin/../lib/gcc/arm-none-eabi/11.3.1/../../../../arm-none-eabi/lib/thumb/v7e-m+fp/hard\libc_nano.a(libc_a-memset.o)
                0x0000000008007c4a                memset
 *fill*         0x0000000008007c5a        0x2 
 .text._localeconv_r
                0x0000000008007c5c        0x8 D:/stm32cubeide/STM32CubeIDE_1.14.1/STM32CubeIDE/plugins/com.st.stm32cube.ide.mcu.externaltools.gnu-tools-for-stm32.11.3.rel1.win32_1.1.100.202309141235/tools/bin/../lib/gcc/arm-none-eabi/11.3.1/../../../../arm-none-eabi/lib/thumb/v7e-m+fp/hard\libc_nano.a(libc_a-localeconv.o)
                0x0000000008007c5c                _localeconv_r
 .text._close_r
                0x0000000008007c64       0x20 D:/stm32cubeide/STM32CubeIDE_1.14.1/STM32CubeIDE/plugins/com.st.stm32cube.ide.mcu.externaltools.gnu-tools-for-stm32.11.3.rel1.win32_1.1.100.202309141235/tools/bin/../lib/gcc/arm-none-eabi/11.3.1/../../../../arm-none-eabi/lib/thumb/v7e-m+fp/hard\libc_nano.a(libc_a-closer.o)
                0x0000000008007c64                _close_r
 .text._lseek_r
                0x0000000008007c84       0x24 D:/stm32cubeide/STM32CubeIDE_1.14.1/STM32CubeIDE/plugins/com.st.stm32cube.ide.mcu.externaltools.gnu-tools-for-stm32.11.3.rel1.win32_1.1.100.202309141235/tools/bin/../lib/gcc/arm-none-eabi/11.3.1/../../../../arm-none-eabi/lib/thumb/v7e-m+fp/hard\libc_nano.a(libc_a-lseekr.o)
                0x0000000008007c84                _lseek_r
 .text._read_r  0x0000000008007ca8       0x24 D:/stm32cubeide/STM32CubeIDE_1.14.1/STM32CubeIDE/plugins/com.st.stm32cube.ide.mcu.externaltools.gnu-tools-for-stm32.11.3.rel1.win32_1.1.100.202309141235/tools/bin/../lib/gcc/arm-none-eabi/11.3.1/../../../../arm-none-eabi/lib/thumb/v7e-m+fp/hard\libc_nano.a(libc_a-readr.o)
                0x0000000008007ca8                _read_r
 .text._sbrk_r  0x0000000008007ccc       0x20 D:/stm32cubeide/STM32CubeIDE_1.14.1/STM32CubeIDE/plugins/com.st.stm32cube.ide.mcu.externaltools.gnu-tools-for-stm32.11.3.rel1.win32_1.1.100.202309141235/tools/bin/../lib/gcc/arm-none-eabi/11.3.1/../../../../arm-none-eabi/lib/thumb/v7e-m+fp/hard\libc_nano.a(libc_a-sbrkr.o)
                0x0000000008007ccc                _sbrk_r
 .text._write_r
                0x0000000008007cec       0x24 D:/stm32cubeide/STM32CubeIDE_1.14.1/STM32CubeIDE/plugins/com.st.stm32cube.ide.mcu.externaltools.gnu-tools-for-stm32.11.3.rel1.win32_1.1.100.202309141235/tools/bin/../lib/gcc/arm-none-eabi/11.3.1/../../../../arm-none-eabi/lib/thumb/v7e-m+fp/hard\libc_nano.a(libc_a-writer.o)
                0x0000000008007cec                _write_r
 .text.__errno  0x0000000008007d10        0xc D:/stm32cubeide/STM32CubeIDE_1.14.1/STM32CubeIDE/plugins/com.st.stm32cube.ide.mcu.externaltools.gnu-tools-for-stm32.11.3.rel1.win32_1.1.100.202309141235/tools/bin/../lib/gcc/arm-none-eabi/11.3.1/../../../../arm-none-eabi/lib/thumb/v7e-m+fp/hard\libc_nano.a(libc_a-errno.o)
                0x0000000008007d10                __errno
 .text.__libc_init_array
                0x0000000008007d1c       0x48 D:/stm32cubeide/STM32CubeIDE_1.14.1/STM32CubeIDE/plugins/com.st.stm32cube.ide.mcu.externaltools.gnu-tools-for-stm32.11.3.rel1.win32_1.1.100.202309141235/tools/bin/../lib/gcc/arm-none-eabi/11.3.1/../../../../arm-none-eabi/lib/thumb/v7e-m+fp/hard\libc_nano.a(libc_a-init.o)
                0x0000000008007d1c                __libc_init_array
 .text.__retarget_lock_init_recursive
                0x0000000008007d64        0x2 D:/stm32cubeide/STM32CubeIDE_1.14.1/STM32CubeIDE/plugins/com.st.stm32cube.ide.mcu.externaltools.gnu-tools-for-stm32.11.3.rel1.win32_1.1.100.202309141235/tools/bin/../lib/gcc/arm-none-eabi/11.3.1/../../../../arm-none-eabi/lib/thumb/v7e-m+fp/hard\libc_nano.a(libc_a-lock.o)
                0x0000000008007d64                __retarget_lock_init_recursive
 .text.__retarget_lock_acquire_recursive
                0x0000000008007d66        0x2 D:/stm32cubeide/STM32CubeIDE_1.14.1/STM32CubeIDE/plugins/com.st.stm32cube.ide.mcu.externaltools.gnu-tools-for-stm32.11.3.rel1.win32_1.1.100.202309141235/tools/bin/../lib/gcc/arm-none-eabi/11.3.1/../../../../arm-none-eabi/lib/thumb/v7e-m+fp/hard\libc_nano.a(libc_a-lock.o)
                0x0000000008007d66                __retarget_lock_acquire_recursive
 .text.__retarget_lock_release_recursive
                0x0000000008007d68        0x2 D:/stm32cubeide/STM32CubeIDE_1.14.1/STM32CubeIDE/plugins/com.st.stm32cube.ide.mcu.externaltools.gnu-tools-for-stm32.11.3.rel1.win32_1.1.100.202309141235/tools/bin/../lib/gcc/arm-none-eabi/11.3.1/../../../../arm-none-eabi/lib/thumb/v7e-m+fp/hard\libc_nano.a(libc_a-lock.o)
                0x0000000008007d68                __retarget_lock_release_recursive
 .text.memcpy   0x0000000008007d6a       0x1c D:/stm32cubeide/STM32CubeIDE_1.14.1/STM32CubeIDE/plugins/com.st.stm32cube.ide.mcu.externaltools.gnu-tools-for-stm32.11.3.rel1.win32_1.1.100.202309141235/tools/bin/../lib/gcc/arm-none-eabi/11.3.1/../../../../arm-none-eabi/lib/thumb/v7e-m+fp/hard\libc_nano.a(libc_a-memcpy-stub.o)
                0x0000000008007d6a                memcpy
 *fill*         0x0000000008007d86        0x2 
 .text.nanf     0x0000000008007d88        0xc D:/stm32cubeide/STM32CubeIDE_1.14.1/STM32CubeIDE/plugins/com.st.stm32cube.ide.mcu.externaltools.gnu-tools-for-stm32.11.3.rel1.win32_1.1.100.202309141235/tools/bin/../lib/gcc/arm-none-eabi/11.3.1/../../../../arm-none-eabi/lib/thumb/v7e-m+fp/hard\libc_nano.a(libm_a-sf_nan.o)
                0x0000000008007d88                nanf
 .text.quorem   0x0000000008007d94      0x110 D:/stm32cubeide/STM32CubeIDE_1.14.1/STM32CubeIDE/plugins/com.st.stm32cube.ide.mcu.externaltools.gnu-tools-for-stm32.11.3.rel1.win32_1.1.100.202309141235/tools/bin/../lib/gcc/arm-none-eabi/11.3.1/../../../../arm-none-eabi/lib/thumb/v7e-m+fp/hard\libc_nano.a(libc_a-dtoa.o)
 *fill*         0x0000000008007ea4        0x4 
 .text._dtoa_r  0x0000000008007ea8      0xbe4 D:/stm32cubeide/STM32CubeIDE_1.14.1/STM32CubeIDE/plugins/com.st.stm32cube.ide.mcu.externaltools.gnu-tools-for-stm32.11.3.rel1.win32_1.1.100.202309141235/tools/bin/../lib/gcc/arm-none-eabi/11.3.1/../../../../arm-none-eabi/lib/thumb/v7e-m+fp/hard\libc_nano.a(libc_a-dtoa.o)
                0x0000000008007ea8                _dtoa_r
 .text._free_r  0x0000000008008a8c       0x98 D:/stm32cubeide/STM32CubeIDE_1.14.1/STM32CubeIDE/plugins/com.st.stm32cube.ide.mcu.externaltools.gnu-tools-for-stm32.11.3.rel1.win32_1.1.100.202309141235/tools/bin/../lib/gcc/arm-none-eabi/11.3.1/../../../../arm-none-eabi/lib/thumb/v7e-m+fp/hard\libc_nano.a(libc_a-freer.o)
                0x0000000008008a8c                _free_r
 .text._Balloc  0x0000000008008b24       0x80 D:/stm32cubeide/STM32CubeIDE_1.14.1/STM32CubeIDE/plugins/com.st.stm32cube.ide.mcu.externaltools.gnu-tools-for-stm32.11.3.rel1.win32_1.1.100.202309141235/tools/bin/../lib/gcc/arm-none-eabi/11.3.1/../../../../arm-none-eabi/lib/thumb/v7e-m+fp/hard\libc_nano.a(libc_a-mprec.o)
                0x0000000008008b24                _Balloc
 .text._Bfree   0x0000000008008ba4       0x44 D:/stm32cubeide/STM32CubeIDE_1.14.1/STM32CubeIDE/plugins/com.st.stm32cube.ide.mcu.externaltools.gnu-tools-for-stm32.11.3.rel1.win32_1.1.100.202309141235/tools/bin/../lib/gcc/arm-none-eabi/11.3.1/../../../../arm-none-eabi/lib/thumb/v7e-m+fp/hard\libc_nano.a(libc_a-mprec.o)
                0x0000000008008ba4                _Bfree
 .text.__multadd
                0x0000000008008be8       0x8c D:/stm32cubeide/STM32CubeIDE_1.14.1/STM32CubeIDE/plugins/com.st.stm32cube.ide.mcu.externaltools.gnu-tools-for-stm32.11.3.rel1.win32_1.1.100.202309141235/tools/bin/../lib/gcc/arm-none-eabi/11.3.1/../../../../arm-none-eabi/lib/thumb/v7e-m+fp/hard\libc_nano.a(libc_a-mprec.o)
                0x0000000008008be8                __multadd
 .text.__s2b    0x0000000008008c74       0x94 D:/stm32cubeide/STM32CubeIDE_1.14.1/STM32CubeIDE/plugins/com.st.stm32cube.ide.mcu.externaltools.gnu-tools-for-stm32.11.3.rel1.win32_1.1.100.202309141235/tools/bin/../lib/gcc/arm-none-eabi/11.3.1/../../../../arm-none-eabi/lib/thumb/v7e-m+fp/hard\libc_nano.a(libc_a-mprec.o)
                0x0000000008008c74                __s2b
 .text.__hi0bits
                0x0000000008008d08       0x40 D:/stm32cubeide/STM32CubeIDE_1.14.1/STM32CubeIDE/plugins/com.st.stm32cube.ide.mcu.externaltools.gnu-tools-for-stm32.11.3.rel1.win32_1.1.100.202309141235/tools/bin/../lib/gcc/arm-none-eabi/11.3.1/../../../../arm-none-eabi/lib/thumb/v7e-m+fp/hard\libc_nano.a(libc_a-mprec.o)
                0x0000000008008d08                __hi0bits
 .text.__lo0bits
                0x0000000008008d48       0x5a D:/stm32cubeide/STM32CubeIDE_1.14.1/STM32CubeIDE/plugins/com.st.stm32cube.ide.mcu.externaltools.gnu-tools-for-stm32.11.3.rel1.win32_1.1.100.202309141235/tools/bin/../lib/gcc/arm-none-eabi/11.3.1/../../../../arm-none-eabi/lib/thumb/v7e-m+fp/hard\libc_nano.a(libc_a-mprec.o)
                0x0000000008008d48                __lo0bits
 *fill*         0x0000000008008da2        0x2 
 .text.__i2b    0x0000000008008da4       0x2c D:/stm32cubeide/STM32CubeIDE_1.14.1/STM32CubeIDE/plugins/com.st.stm32cube.ide.mcu.externaltools.gnu-tools-for-stm32.11.3.rel1.win32_1.1.100.202309141235/tools/bin/../lib/gcc/arm-none-eabi/11.3.1/../../../../arm-none-eabi/lib/thumb/v7e-m+fp/hard\libc_nano.a(libc_a-mprec.o)
                0x0000000008008da4                __i2b
 .text.__multiply
                0x0000000008008dd0      0x154 D:/stm32cubeide/STM32CubeIDE_1.14.1/STM32CubeIDE/plugins/com.st.stm32cube.ide.mcu.externaltools.gnu-tools-for-stm32.11.3.rel1.win32_1.1.100.202309141235/tools/bin/../lib/gcc/arm-none-eabi/11.3.1/../../../../arm-none-eabi/lib/thumb/v7e-m+fp/hard\libc_nano.a(libc_a-mprec.o)
                0x0000000008008dd0                __multiply
 .text.__pow5mult
                0x0000000008008f24       0xb4 D:/stm32cubeide/STM32CubeIDE_1.14.1/STM32CubeIDE/plugins/com.st.stm32cube.ide.mcu.externaltools.gnu-tools-for-stm32.11.3.rel1.win32_1.1.100.202309141235/tools/bin/../lib/gcc/arm-none-eabi/11.3.1/../../../../arm-none-eabi/lib/thumb/v7e-m+fp/hard\libc_nano.a(libc_a-mprec.o)
                0x0000000008008f24                __pow5mult
 .text.__lshift
                0x0000000008008fd8       0xd8 D:/stm32cubeide/STM32CubeIDE_1.14.1/STM32CubeIDE/plugins/com.st.stm32cube.ide.mcu.externaltools.gnu-tools-for-stm32.11.3.rel1.win32_1.1.100.202309141235/tools/bin/../lib/gcc/arm-none-eabi/11.3.1/../../../../arm-none-eabi/lib/thumb/v7e-m+fp/hard\libc_nano.a(libc_a-mprec.o)
                0x0000000008008fd8                __lshift
 .text.__mcmp   0x00000000080090b0       0x38 D:/stm32cubeide/STM32CubeIDE_1.14.1/STM32CubeIDE/plugins/com.st.stm32cube.ide.mcu.externaltools.gnu-tools-for-stm32.11.3.rel1.win32_1.1.100.202309141235/tools/bin/../lib/gcc/arm-none-eabi/11.3.1/../../../../arm-none-eabi/lib/thumb/v7e-m+fp/hard\libc_nano.a(libc_a-mprec.o)
                0x00000000080090b0                __mcmp
 .text.__mdiff  0x00000000080090e8      0x114 D:/stm32cubeide/STM32CubeIDE_1.14.1/STM32CubeIDE/plugins/com.st.stm32cube.ide.mcu.externaltools.gnu-tools-for-stm32.11.3.rel1.win32_1.1.100.202309141235/tools/bin/../lib/gcc/arm-none-eabi/11.3.1/../../../../arm-none-eabi/lib/thumb/v7e-m+fp/hard\libc_nano.a(libc_a-mprec.o)
                0x00000000080090e8                __mdiff
 .text.__ulp    0x00000000080091fc       0x4c D:/stm32cubeide/STM32CubeIDE_1.14.1/STM32CubeIDE/plugins/com.st.stm32cube.ide.mcu.externaltools.gnu-tools-for-stm32.11.3.rel1.win32_1.1.100.202309141235/tools/bin/../lib/gcc/arm-none-eabi/11.3.1/../../../../arm-none-eabi/lib/thumb/v7e-m+fp/hard\libc_nano.a(libc_a-mprec.o)
                0x00000000080091fc                __ulp
 .text.__b2d    0x0000000008009248       0x94 D:/stm32cubeide/STM32CubeIDE_1.14.1/STM32CubeIDE/plugins/com.st.stm32cube.ide.mcu.externaltools.gnu-tools-for-stm32.11.3.rel1.win32_1.1.100.202309141235/tools/bin/../lib/gcc/arm-none-eabi/11.3.1/../../../../arm-none-eabi/lib/thumb/v7e-m+fp/hard\libc_nano.a(libc_a-mprec.o)
                0x0000000008009248                __b2d
 .text.__d2b    0x00000000080092dc       0xb4 D:/stm32cubeide/STM32CubeIDE_1.14.1/STM32CubeIDE/plugins/com.st.stm32cube.ide.mcu.externaltools.gnu-tools-for-stm32.11.3.rel1.win32_1.1.100.202309141235/tools/bin/../lib/gcc/arm-none-eabi/11.3.1/../../../../arm-none-eabi/lib/thumb/v7e-m+fp/hard\libc_nano.a(libc_a-mprec.o)
                0x00000000080092dc                __d2b
 .text.__ratio  0x0000000008009390       0x66 D:/stm32cubeide/STM32CubeIDE_1.14.1/STM32CubeIDE/plugins/com.st.stm32cube.ide.mcu.externaltools.gnu-tools-for-stm32.11.3.rel1.win32_1.1.100.202309141235/tools/bin/../lib/gcc/arm-none-eabi/11.3.1/../../../../arm-none-eabi/lib/thumb/v7e-m+fp/hard\libc_nano.a(libc_a-mprec.o)
                0x0000000008009390                __ratio
 .text.__copybits
                0x00000000080093f6       0x46 D:/stm32cubeide/STM32CubeIDE_1.14.1/STM32CubeIDE/plugins/com.st.stm32cube.ide.mcu.externaltools.gnu-tools-for-stm32.11.3.rel1.win32_1.1.100.202309141235/tools/bin/../lib/gcc/arm-none-eabi/11.3.1/../../../../arm-none-eabi/lib/thumb/v7e-m+fp/hard\libc_nano.a(libc_a-mprec.o)
                0x00000000080093f6                __copybits
 .text.__any_on
                0x000000000800943c       0x42 D:/stm32cubeide/STM32CubeIDE_1.14.1/STM32CubeIDE/plugins/com.st.stm32cube.ide.mcu.externaltools.gnu-tools-for-stm32.11.3.rel1.win32_1.1.100.202309141235/tools/bin/../lib/gcc/arm-none-eabi/11.3.1/../../../../arm-none-eabi/lib/thumb/v7e-m+fp/hard\libc_nano.a(libc_a-mprec.o)
                0x000000000800943c                __any_on
 .text.sulp     0x000000000800947e       0x38 D:/stm32cubeide/STM32CubeIDE_1.14.1/STM32CubeIDE/plugins/com.st.stm32cube.ide.mcu.externaltools.gnu-tools-for-stm32.11.3.rel1.win32_1.1.100.202309141235/tools/bin/../lib/gcc/arm-none-eabi/11.3.1/../../../../arm-none-eabi/lib/thumb/v7e-m+fp/hard\libc_nano.a(libc_a-strtod.o)
 *fill*         0x00000000080094b6        0x2 
 .text._strtod_l
                0x00000000080094b8      0xbe0 D:/stm32cubeide/STM32CubeIDE_1.14.1/STM32CubeIDE/plugins/com.st.stm32cube.ide.mcu.externaltools.gnu-tools-for-stm32.11.3.rel1.win32_1.1.100.202309141235/tools/bin/../lib/gcc/arm-none-eabi/11.3.1/../../../../arm-none-eabi/lib/thumb/v7e-m+fp/hard\libc_nano.a(libc_a-strtod.o)
                0x00000000080094b8                _strtod_l
 .text._strtod_r
                0x000000000800a098        0xc D:/stm32cubeide/STM32CubeIDE_1.14.1/STM32CubeIDE/plugins/com.st.stm32cube.ide.mcu.externaltools.gnu-tools-for-stm32.11.3.rel1.win32_1.1.100.202309141235/tools/bin/../lib/gcc/arm-none-eabi/11.3.1/../../../../arm-none-eabi/lib/thumb/v7e-m+fp/hard\libc_nano.a(libc_a-strtod.o)
                0x000000000800a098                _strtod_r
 .text._strtol_l.constprop.0
                0x000000000800a0a4      0x104 D:/stm32cubeide/STM32CubeIDE_1.14.1/STM32CubeIDE/plugins/com.st.stm32cube.ide.mcu.externaltools.gnu-tools-for-stm32.11.3.rel1.win32_1.1.100.202309141235/tools/bin/../lib/gcc/arm-none-eabi/11.3.1/../../../../arm-none-eabi/lib/thumb/v7e-m+fp/hard\libc_nano.a(libc_a-strtol.o)
 .text._strtol_r
                0x000000000800a1a8        0x4 D:/stm32cubeide/STM32CubeIDE_1.14.1/STM32CubeIDE/plugins/com.st.stm32cube.ide.mcu.externaltools.gnu-tools-for-stm32.11.3.rel1.win32_1.1.100.202309141235/tools/bin/../lib/gcc/arm-none-eabi/11.3.1/../../../../arm-none-eabi/lib/thumb/v7e-m+fp/hard\libc_nano.a(libc_a-strtol.o)
                0x000000000800a1a8                _strtol_r
 .text.__ssputs_r
                0x000000000800a1ac       0xb4 D:/stm32cubeide/STM32CubeIDE_1.14.1/STM32CubeIDE/plugins/com.st.stm32cube.ide.mcu.externaltools.gnu-tools-for-stm32.11.3.rel1.win32_1.1.100.202309141235/tools/bin/../lib/gcc/arm-none-eabi/11.3.1/../../../../arm-none-eabi/lib/thumb/v7e-m+fp/hard\libc_nano.a(libc_a-nano-svfprintf.o)
                0x000000000800a1ac                __ssputs_r
 .text._svfprintf_r
                0x000000000800a260      0x1fc D:/stm32cubeide/STM32CubeIDE_1.14.1/STM32CubeIDE/plugins/com.st.stm32cube.ide.mcu.externaltools.gnu-tools-for-stm32.11.3.rel1.win32_1.1.100.202309141235/tools/bin/../lib/gcc/arm-none-eabi/11.3.1/../../../../arm-none-eabi/lib/thumb/v7e-m+fp/hard\libc_nano.a(libc_a-nano-svfprintf.o)
                0x000000000800a260                _svfiprintf_r
                0x000000000800a260                _svfprintf_r
 .text.__sfputc_r
                0x000000000800a45c       0x2e D:/stm32cubeide/STM32CubeIDE_1.14.1/STM32CubeIDE/plugins/com.st.stm32cube.ide.mcu.externaltools.gnu-tools-for-stm32.11.3.rel1.win32_1.1.100.202309141235/tools/bin/../lib/gcc/arm-none-eabi/11.3.1/../../../../arm-none-eabi/lib/thumb/v7e-m+fp/hard\libc_nano.a(libc_a-nano-vfprintf.o)
 .text.__sfputs_r
                0x000000000800a48a       0x24 D:/stm32cubeide/STM32CubeIDE_1.14.1/STM32CubeIDE/plugins/com.st.stm32cube.ide.mcu.externaltools.gnu-tools-for-stm32.11.3.rel1.win32_1.1.100.202309141235/tools/bin/../lib/gcc/arm-none-eabi/11.3.1/../../../../arm-none-eabi/lib/thumb/v7e-m+fp/hard\libc_nano.a(libc_a-nano-vfprintf.o)
                0x000000000800a48a                __sfputs_r
 *fill*         0x000000000800a4ae        0x2 
 .text._vfprintf_r
                0x000000000800a4b0      0x234 D:/stm32cubeide/STM32CubeIDE_1.14.1/STM32CubeIDE/plugins/com.st.stm32cube.ide.mcu.externaltools.gnu-tools-for-stm32.11.3.rel1.win32_1.1.100.202309141235/tools/bin/../lib/gcc/arm-none-eabi/11.3.1/../../../../arm-none-eabi/lib/thumb/v7e-m+fp/hard\libc_nano.a(libc_a-nano-vfprintf.o)
                0x000000000800a4b0                _vfprintf_r
                0x000000000800a4b0                _vfiprintf_r
 .text.__sflush_r
                0x000000000800a6e4      0x10c D:/stm32cubeide/STM32CubeIDE_1.14.1/STM32CubeIDE/plugins/com.st.stm32cube.ide.mcu.externaltools.gnu-tools-for-stm32.11.3.rel1.win32_1.1.100.202309141235/tools/bin/../lib/gcc/arm-none-eabi/11.3.1/../../../../arm-none-eabi/lib/thumb/v7e-m+fp/hard\libc_nano.a(libc_a-fflush.o)
                0x000000000800a6e4                __sflush_r
 .text._fflush_r
                0x000000000800a7f0       0x50 D:/stm32cubeide/STM32CubeIDE_1.14.1/STM32CubeIDE/plugins/com.st.stm32cube.ide.mcu.externaltools.gnu-tools-for-stm32.11.3.rel1.win32_1.1.100.202309141235/tools/bin/../lib/gcc/arm-none-eabi/11.3.1/../../../../arm-none-eabi/lib/thumb/v7e-m+fp/hard\libc_nano.a(libc_a-fflush.o)
                0x000000000800a7f0                _fflush_r
 .text.__swbuf_r
                0x000000000800a840       0x7a D:/stm32cubeide/STM32CubeIDE_1.14.1/STM32CubeIDE/plugins/com.st.stm32cube.ide.mcu.externaltools.gnu-tools-for-stm32.11.3.rel1.win32_1.1.100.202309141235/tools/bin/../lib/gcc/arm-none-eabi/11.3.1/../../../../arm-none-eabi/lib/thumb/v7e-m+fp/hard\libc_nano.a(libc_a-wbuf.o)
                0x000000000800a840                __swbuf_r
 *fill*         0x000000000800a8ba        0x2 
 .text.__swsetup_r
                0x000000000800a8bc       0xb0 D:/stm32cubeide/STM32CubeIDE_1.14.1/STM32CubeIDE/plugins/com.st.stm32cube.ide.mcu.externaltools.gnu-tools-for-stm32.11.3.rel1.win32_1.1.100.202309141235/tools/bin/../lib/gcc/arm-none-eabi/11.3.1/../../../../arm-none-eabi/lib/thumb/v7e-m+fp/hard\libc_nano.a(libc_a-wsetup.o)
                0x000000000800a8bc                __swsetup_r
 .text.memmove  0x000000000800a96c       0x34 D:/stm32cubeide/STM32CubeIDE_1.14.1/STM32CubeIDE/plugins/com.st.stm32cube.ide.mcu.externaltools.gnu-tools-for-stm32.11.3.rel1.win32_1.1.100.202309141235/tools/bin/../lib/gcc/arm-none-eabi/11.3.1/../../../../arm-none-eabi/lib/thumb/v7e-m+fp/hard\libc_nano.a(libc_a-memmove.o)
                0x000000000800a96c                memmove
 .text.strncmp  0x000000000800a9a0       0x24 D:/stm32cubeide/STM32CubeIDE_1.14.1/STM32CubeIDE/plugins/com.st.stm32cube.ide.mcu.externaltools.gnu-tools-for-stm32.11.3.rel1.win32_1.1.100.202309141235/tools/bin/../lib/gcc/arm-none-eabi/11.3.1/../../../../arm-none-eabi/lib/thumb/v7e-m+fp/hard\libc_nano.a(libc_a-strncmp.o)
                0x000000000800a9a0                strncmp
 *fill*         0x000000000800a9c4        0x4 
 .text.nan      0x000000000800a9c8       0x10 D:/stm32cubeide/STM32CubeIDE_1.14.1/STM32CubeIDE/plugins/com.st.stm32cube.ide.mcu.externaltools.gnu-tools-for-stm32.11.3.rel1.win32_1.1.100.202309141235/tools/bin/../lib/gcc/arm-none-eabi/11.3.1/../../../../arm-none-eabi/lib/thumb/v7e-m+fp/hard\libc_nano.a(libm_a-s_nan.o)
                0x000000000800a9c8                nan
 .text.__assert_func
                0x000000000800a9d8       0x3c D:/stm32cubeide/STM32CubeIDE_1.14.1/STM32CubeIDE/plugins/com.st.stm32cube.ide.mcu.externaltools.gnu-tools-for-stm32.11.3.rel1.win32_1.1.100.202309141235/tools/bin/../lib/gcc/arm-none-eabi/11.3.1/../../../../arm-none-eabi/lib/thumb/v7e-m+fp/hard\libc_nano.a(libc_a-assert.o)
                0x000000000800a9d8                __assert_func
 .text._calloc_r
                0x000000000800aa14       0x2c D:/stm32cubeide/STM32CubeIDE_1.14.1/STM32CubeIDE/plugins/com.st.stm32cube.ide.mcu.externaltools.gnu-tools-for-stm32.11.3.rel1.win32_1.1.100.202309141235/tools/bin/../lib/gcc/arm-none-eabi/11.3.1/../../../../arm-none-eabi/lib/thumb/v7e-m+fp/hard\libc_nano.a(libc_a-callocr.o)
                0x000000000800aa14                _calloc_r
 .text.rshift   0x000000000800aa40       0xa4 D:/stm32cubeide/STM32CubeIDE_1.14.1/STM32CubeIDE/plugins/com.st.stm32cube.ide.mcu.externaltools.gnu-tools-for-stm32.11.3.rel1.win32_1.1.100.202309141235/tools/bin/../lib/gcc/arm-none-eabi/11.3.1/../../../../arm-none-eabi/lib/thumb/v7e-m+fp/hard\libc_nano.a(libc_a-gdtoa-gethex.o)
 .text.__hexdig_fun
                0x000000000800aae4       0x2a D:/stm32cubeide/STM32CubeIDE_1.14.1/STM32CubeIDE/plugins/com.st.stm32cube.ide.mcu.externaltools.gnu-tools-for-stm32.11.3.rel1.win32_1.1.100.202309141235/tools/bin/../lib/gcc/arm-none-eabi/11.3.1/../../../../arm-none-eabi/lib/thumb/v7e-m+fp/hard\libc_nano.a(libc_a-gdtoa-gethex.o)
                0x000000000800aae4                __hexdig_fun
 *fill*         0x000000000800ab0e        0x2 
 .text.__gethex
                0x000000000800ab10      0x45c D:/stm32cubeide/STM32CubeIDE_1.14.1/STM32CubeIDE/plugins/com.st.stm32cube.ide.mcu.externaltools.gnu-tools-for-stm32.11.3.rel1.win32_1.1.100.202309141235/tools/bin/../lib/gcc/arm-none-eabi/11.3.1/../../../../arm-none-eabi/lib/thumb/v7e-m+fp/hard\libc_nano.a(libc_a-gdtoa-gethex.o)
                0x000000000800ab10                __gethex
 .text.L_shift  0x000000000800af6c       0x24 D:/stm32cubeide/STM32CubeIDE_1.14.1/STM32CubeIDE/plugins/com.st.stm32cube.ide.mcu.externaltools.gnu-tools-for-stm32.11.3.rel1.win32_1.1.100.202309141235/tools/bin/../lib/gcc/arm-none-eabi/11.3.1/../../../../arm-none-eabi/lib/thumb/v7e-m+fp/hard\libc_nano.a(libc_a-gdtoa-hexnan.o)
 .text.__match  0x000000000800af90       0x28 D:/stm32cubeide/STM32CubeIDE_1.14.1/STM32CubeIDE/plugins/com.st.stm32cube.ide.mcu.externaltools.gnu-tools-for-stm32.11.3.rel1.win32_1.1.100.202309141235/tools/bin/../lib/gcc/arm-none-eabi/11.3.1/../../../../arm-none-eabi/lib/thumb/v7e-m+fp/hard\libc_nano.a(libc_a-gdtoa-hexnan.o)
                0x000000000800af90                __match
 .text.__hexnan
                0x000000000800afb8      0x136 D:/stm32cubeide/STM32CubeIDE_1.14.1/STM32CubeIDE/plugins/com.st.stm32cube.ide.mcu.externaltools.gnu-tools-for-stm32.11.3.rel1.win32_1.1.100.202309141235/tools/bin/../lib/gcc/arm-none-eabi/11.3.1/../../../../arm-none-eabi/lib/thumb/v7e-m+fp/hard\libc_nano.a(libc_a-gdtoa-hexnan.o)
                0x000000000800afb8                __hexnan
 .text.__ascii_mbtowc
                0x000000000800b0ee       0x24 D:/stm32cubeide/STM32CubeIDE_1.14.1/STM32CubeIDE/plugins/com.st.stm32cube.ide.mcu.externaltools.gnu-tools-for-stm32.11.3.rel1.win32_1.1.100.202309141235/tools/bin/../lib/gcc/arm-none-eabi/11.3.1/../../../../arm-none-eabi/lib/thumb/v7e-m+fp/hard\libc_nano.a(libc_a-mbtowc_r.o)
                0x000000000800b0ee                __ascii_mbtowc
 .text._realloc_r
                0x000000000800b112       0x5e D:/stm32cubeide/STM32CubeIDE_1.14.1/STM32CubeIDE/plugins/com.st.stm32cube.ide.mcu.externaltools.gnu-tools-for-stm32.11.3.rel1.win32_1.1.100.202309141235/tools/bin/../lib/gcc/arm-none-eabi/11.3.1/../../../../arm-none-eabi/lib/thumb/v7e-m+fp/hard\libc_nano.a(libc_a-reallocr.o)
                0x000000000800b112                _realloc_r
 .text.__ascii_wctomb
                0x000000000800b170       0x1a D:/stm32cubeide/STM32CubeIDE_1.14.1/STM32CubeIDE/plugins/com.st.stm32cube.ide.mcu.externaltools.gnu-tools-for-stm32.11.3.rel1.win32_1.1.100.202309141235/tools/bin/../lib/gcc/arm-none-eabi/11.3.1/../../../../arm-none-eabi/lib/thumb/v7e-m+fp/hard\libc_nano.a(libc_a-wctomb_r.o)
                0x000000000800b170                __ascii_wctomb
 *fill*         0x000000000800b18a        0x2 
 .text.fprintf  0x000000000800b18c       0x24 D:/stm32cubeide/STM32CubeIDE_1.14.1/STM32CubeIDE/plugins/com.st.stm32cube.ide.mcu.externaltools.gnu-tools-for-stm32.11.3.rel1.win32_1.1.100.202309141235/tools/bin/../lib/gcc/arm-none-eabi/11.3.1/../../../../arm-none-eabi/lib/thumb/v7e-m+fp/hard\libc_nano.a(libc_a-fprintf.o)
                0x000000000800b18c                fiprintf
                0x000000000800b18c                fprintf
 .text.__swhatbuf_r
                0x000000000800b1b0       0x4c D:/stm32cubeide/STM32CubeIDE_1.14.1/STM32CubeIDE/plugins/com.st.stm32cube.ide.mcu.externaltools.gnu-tools-for-stm32.11.3.rel1.win32_1.1.100.202309141235/tools/bin/../lib/gcc/arm-none-eabi/11.3.1/../../../../arm-none-eabi/lib/thumb/v7e-m+fp/hard\libc_nano.a(libc_a-makebuf.o)
                0x000000000800b1b0                __swhatbuf_r
 .text.__smakebuf_r
                0x000000000800b1fc       0x78 D:/stm32cubeide/STM32CubeIDE_1.14.1/STM32CubeIDE/plugins/com.st.stm32cube.ide.mcu.externaltools.gnu-tools-for-stm32.11.3.rel1.win32_1.1.100.202309141235/tools/bin/../lib/gcc/arm-none-eabi/11.3.1/../../../../arm-none-eabi/lib/thumb/v7e-m+fp/hard\libc_nano.a(libc_a-makebuf.o)
                0x000000000800b1fc                __smakebuf_r
 .text._fstat_r
                0x000000000800b274       0x24 D:/stm32cubeide/STM32CubeIDE_1.14.1/STM32CubeIDE/plugins/com.st.stm32cube.ide.mcu.externaltools.gnu-tools-for-stm32.11.3.rel1.win32_1.1.100.202309141235/tools/bin/../lib/gcc/arm-none-eabi/11.3.1/../../../../arm-none-eabi/lib/thumb/v7e-m+fp/hard\libc_nano.a(libc_a-fstatr.o)
                0x000000000800b274                _fstat_r
 .text._isatty_r
                0x000000000800b298       0x20 D:/stm32cubeide/STM32CubeIDE_1.14.1/STM32CubeIDE/plugins/com.st.stm32cube.ide.mcu.externaltools.gnu-tools-for-stm32.11.3.rel1.win32_1.1.100.202309141235/tools/bin/../lib/gcc/arm-none-eabi/11.3.1/../../../../arm-none-eabi/lib/thumb/v7e-m+fp/hard\libc_nano.a(libc_a-isattyr.o)
                0x000000000800b298                _isatty_r
 .text.abort    0x000000000800b2b8        0xe D:/stm32cubeide/STM32CubeIDE_1.14.1/STM32CubeIDE/plugins/com.st.stm32cube.ide.mcu.externaltools.gnu-tools-for-stm32.11.3.rel1.win32_1.1.100.202309141235/tools/bin/../lib/gcc/arm-none-eabi/11.3.1/../../../../arm-none-eabi/lib/thumb/v7e-m+fp/hard\libc_nano.a(libc_a-abort.o)
                0x000000000800b2b8                abort
 .text._malloc_usable_size_r
                0x000000000800b2c6       0x10 D:/stm32cubeide/STM32CubeIDE_1.14.1/STM32CubeIDE/plugins/com.st.stm32cube.ide.mcu.externaltools.gnu-tools-for-stm32.11.3.rel1.win32_1.1.100.202309141235/tools/bin/../lib/gcc/arm-none-eabi/11.3.1/../../../../arm-none-eabi/lib/thumb/v7e-m+fp/hard\libc_nano.a(libc_a-msizer.o)
                0x000000000800b2c6                _malloc_usable_size_r
 .text._raise_r
                0x000000000800b2d6       0x50 D:/stm32cubeide/STM32CubeIDE_1.14.1/STM32CubeIDE/plugins/com.st.stm32cube.ide.mcu.externaltools.gnu-tools-for-stm32.11.3.rel1.win32_1.1.100.202309141235/tools/bin/../lib/gcc/arm-none-eabi/11.3.1/../../../../arm-none-eabi/lib/thumb/v7e-m+fp/hard\libc_nano.a(libc_a-signal.o)
                0x000000000800b2d6                _raise_r
 *fill*         0x000000000800b326        0x2 
 .text.raise    0x000000000800b328       0x10 D:/stm32cubeide/STM32CubeIDE_1.14.1/STM32CubeIDE/plugins/com.st.stm32cube.ide.mcu.externaltools.gnu-tools-for-stm32.11.3.rel1.win32_1.1.100.202309141235/tools/bin/../lib/gcc/arm-none-eabi/11.3.1/../../../../arm-none-eabi/lib/thumb/v7e-m+fp/hard\libc_nano.a(libc_a-signal.o)
                0x000000000800b328                raise
 .text._kill_r  0x000000000800b338       0x24 D:/stm32cubeide/STM32CubeIDE_1.14.1/STM32CubeIDE/plugins/com.st.stm32cube.ide.mcu.externaltools.gnu-tools-for-stm32.11.3.rel1.win32_1.1.100.202309141235/tools/bin/../lib/gcc/arm-none-eabi/11.3.1/../../../../arm-none-eabi/lib/thumb/v7e-m+fp/hard\libc_nano.a(libc_a-signalr.o)
                0x000000000800b338                _kill_r
 .text._getpid_r
                0x000000000800b35c        0x4 D:/stm32cubeide/STM32CubeIDE_1.14.1/STM32CubeIDE/plugins/com.st.stm32cube.ide.mcu.externaltools.gnu-tools-for-stm32.11.3.rel1.win32_1.1.100.202309141235/tools/bin/../lib/gcc/arm-none-eabi/11.3.1/../../../../arm-none-eabi/lib/thumb/v7e-m+fp/hard\libc_nano.a(libc_a-signalr.o)
                0x000000000800b35c                _getpid_r
 *(.glue_7)
 .glue_7        0x000000000800b360        0x0 linker stubs
 *(.glue_7t)
 .glue_7t       0x000000000800b360        0x0 linker stubs
 *(.eh_frame)
 .eh_frame      0x000000000800b360        0x0 D:/stm32cubeide/STM32CubeIDE_1.14.1/STM32CubeIDE/plugins/com.st.stm32cube.ide.mcu.externaltools.gnu-tools-for-stm32.11.3.rel1.win32_1.1.100.202309141235/tools/bin/../lib/gcc/arm-none-eabi/11.3.1/thumb/v7e-m+fp/hard/crtbegin.o
 *(.init)
 .init          0x000000000800b360        0x4 D:/stm32cubeide/STM32CubeIDE_1.14.1/STM32CubeIDE/plugins/com.st.stm32cube.ide.mcu.externaltools.gnu-tools-for-stm32.11.3.rel1.win32_1.1.100.202309141235/tools/bin/../lib/gcc/arm-none-eabi/11.3.1/thumb/v7e-m+fp/hard/crti.o
                0x000000000800b360                _init
 .init          0x000000000800b364        0x8 D:/stm32cubeide/STM32CubeIDE_1.14.1/STM32CubeIDE/plugins/com.st.stm32cube.ide.mcu.externaltools.gnu-tools-for-stm32.11.3.rel1.win32_1.1.100.202309141235/tools/bin/../lib/gcc/arm-none-eabi/11.3.1/thumb/v7e-m+fp/hard/crtn.o
 *(.fini)
 .fini          0x000000000800b36c        0x4 D:/stm32cubeide/STM32CubeIDE_1.14.1/STM32CubeIDE/plugins/com.st.stm32cube.ide.mcu.externaltools.gnu-tools-for-stm32.11.3.rel1.win32_1.1.100.202309141235/tools/bin/../lib/gcc/arm-none-eabi/11.3.1/thumb/v7e-m+fp/hard/crti.o
                0x000000000800b36c                _fini
 .fini          0x000000000800b370        0x8 D:/stm32cubeide/STM32CubeIDE_1.14.1/STM32CubeIDE/plugins/com.st.stm32cube.ide.mcu.externaltools.gnu-tools-for-stm32.11.3.rel1.win32_1.1.100.202309141235/tools/bin/../lib/gcc/arm-none-eabi/11.3.1/thumb/v7e-m+fp/hard/crtn.o
                0x000000000800b378                . = ALIGN (0x4)
                0x000000000800b378                _etext = .

.vfp11_veneer   0x000000000800b378        0x0
 .vfp11_veneer  0x000000000800b378        0x0 linker stubs

.v4_bx          0x000000000800b378        0x0
 .v4_bx         0x000000000800b378        0x0 linker stubs

.iplt           0x000000000800b378        0x0
 .iplt          0x000000000800b378        0x0 D:/stm32cubeide/STM32CubeIDE_1.14.1/STM32CubeIDE/plugins/com.st.stm32cube.ide.mcu.externaltools.gnu-tools-for-stm32.11.3.rel1.win32_1.1.100.202309141235/tools/bin/../lib/gcc/arm-none-eabi/11.3.1/thumb/v7e-m+fp/hard/crtbegin.o

.rodata         0x000000000800b378      0x560
                0x000000000800b378                . = ALIGN (0x4)
 *(.rodata)
 .rodata        0x000000000800b378       0x7c ./Core/Src/main.o
 .rodata        0x000000000800b3f4       0x17 ./aht20/AHT20.o
 *fill*         0x000000000800b40b        0x1 
 .rodata        0x000000000800b40c        0x2 ./bme280/BME280.o
 *(.rodata*)
 *fill*         0x000000000800b40e        0x2 
 .rodata.AHBPrescTable
                0x000000000800b410       0x10 ./Core/Src/system_stm32l4xx.o
                0x000000000800b410                AHBPrescTable
 .rodata.APBPrescTable
                0x000000000800b420        0x8 ./Core/Src/system_stm32l4xx.o
                0x000000000800b420                APBPrescTable
 .rodata.MSIRangeTable
                0x000000000800b428       0x30 ./Core/Src/system_stm32l4xx.o
                0x000000000800b428                MSIRangeTable
 .rodata._ZTV5AHT20
                0x000000000800b458       0x10 ./aht20/AHT20.o
                0x000000000800b458                vtable for AHT20
 .rodata._ZTVN6BME2809bme280i2cE
                0x000000000800b468       0x24 ./bme280/BME280.o
                0x000000000800b468                vtable for BME280::bme280i2c
 .rodata._ZTVN6BME2806bme280E
                0x000000000800b48c       0x24 ./bme280/BME280.o
                0x000000000800b48c                vtable for BME280::bme280
 .rodata._printf_float.str1.1
                0x000000000800b4b0       0x12 D:/stm32cubeide/STM32CubeIDE_1.14.1/STM32CubeIDE/plugins/com.st.stm32cube.ide.mcu.externaltools.gnu-tools-for-stm32.11.3.rel1.win32_1.1.100.202309141235/tools/bin/../lib/gcc/arm-none-eabi/11.3.1/../../../../arm-none-eabi/lib/thumb/v7e-m+fp/hard\libc_nano.a(libc_a-nano-vfprintf_float.o)
 .rodata._printf_i.str1.1
                0x000000000800b4c2       0x22 D:/stm32cubeide/STM32CubeIDE_1.14.1/STM32CubeIDE/plugins/com.st.stm32cube.ide.mcu.externaltools.gnu-tools-for-stm32.11.3.rel1.win32_1.1.100.202309141235/tools/bin/../lib/gcc/arm-none-eabi/11.3.1/../../../../arm-none-eabi/lib/thumb/v7e-m+fp/hard\libc_nano.a(libc_a-nano-vfprintf_i.o)
 .rodata._scanf_float.str1.1
                0x000000000800b4e4        0x5 D:/stm32cubeide/STM32CubeIDE_1.14.1/STM32CubeIDE/plugins/com.st.stm32cube.ide.mcu.externaltools.gnu-tools-for-stm32.11.3.rel1.win32_1.1.100.202309141235/tools/bin/../lib/gcc/arm-none-eabi/11.3.1/../../../../arm-none-eabi/lib/thumb/v7e-m+fp/hard\libc_nano.a(libc_a-nano-vfscanf_float.o)
                                          0x6 (size before relaxing)
 .rodata._dtoa_r.str1.1
                0x000000000800b4e9       0x8d D:/stm32cubeide/STM32CubeIDE_1.14.1/STM32CubeIDE/plugins/com.st.stm32cube.ide.mcu.externaltools.gnu-tools-for-stm32.11.3.rel1.win32_1.1.100.202309141235/tools/bin/../lib/gcc/arm-none-eabi/11.3.1/../../../../arm-none-eabi/lib/thumb/v7e-m+fp/hard\libc_nano.a(libc_a-dtoa.o)
                                         0x8f (size before relaxing)
 .rodata._Balloc.str1.1
                0x000000000800b576       0x59 D:/stm32cubeide/STM32CubeIDE_1.14.1/STM32CubeIDE/plugins/com.st.stm32cube.ide.mcu.externaltools.gnu-tools-for-stm32.11.3.rel1.win32_1.1.100.202309141235/tools/bin/../lib/gcc/arm-none-eabi/11.3.1/../../../../arm-none-eabi/lib/thumb/v7e-m+fp/hard\libc_nano.a(libc_a-mprec.o)
                                         0x70 (size before relaxing)
 .rodata.__multadd.str1.1
                0x000000000800b5cf       0x11 D:/stm32cubeide/STM32CubeIDE_1.14.1/STM32CubeIDE/plugins/com.st.stm32cube.ide.mcu.externaltools.gnu-tools-for-stm32.11.3.rel1.win32_1.1.100.202309141235/tools/bin/../lib/gcc/arm-none-eabi/11.3.1/../../../../arm-none-eabi/lib/thumb/v7e-m+fp/hard\libc_nano.a(libc_a-mprec.o)
 *fill*         0x000000000800b5cf        0x1 
 .rodata.__mprec_bigtens
                0x000000000800b5d0       0x28 D:/stm32cubeide/STM32CubeIDE_1.14.1/STM32CubeIDE/plugins/com.st.stm32cube.ide.mcu.externaltools.gnu-tools-for-stm32.11.3.rel1.win32_1.1.100.202309141235/tools/bin/../lib/gcc/arm-none-eabi/11.3.1/../../../../arm-none-eabi/lib/thumb/v7e-m+fp/hard\libc_nano.a(libc_a-mprec.o)
                0x000000000800b5d0                __mprec_bigtens
 .rodata.__mprec_tens
                0x000000000800b5f8       0xc8 D:/stm32cubeide/STM32CubeIDE_1.14.1/STM32CubeIDE/plugins/com.st.stm32cube.ide.mcu.externaltools.gnu-tools-for-stm32.11.3.rel1.win32_1.1.100.202309141235/tools/bin/../lib/gcc/arm-none-eabi/11.3.1/../../../../arm-none-eabi/lib/thumb/v7e-m+fp/hard\libc_nano.a(libc_a-mprec.o)
                0x000000000800b5f8                __mprec_tens
 .rodata.p05.0  0x000000000800b6c0        0xc D:/stm32cubeide/STM32CubeIDE_1.14.1/STM32CubeIDE/plugins/com.st.stm32cube.ide.mcu.externaltools.gnu-tools-for-stm32.11.3.rel1.win32_1.1.100.202309141235/tools/bin/../lib/gcc/arm-none-eabi/11.3.1/../../../../arm-none-eabi/lib/thumb/v7e-m+fp/hard\libc_nano.a(libc_a-mprec.o)
 .rodata._strtod_l.str1.1
                0x000000000800b6cc        0x2 D:/stm32cubeide/STM32CubeIDE_1.14.1/STM32CubeIDE/plugins/com.st.stm32cube.ide.mcu.externaltools.gnu-tools-for-stm32.11.3.rel1.win32_1.1.100.202309141235/tools/bin/../lib/gcc/arm-none-eabi/11.3.1/../../../../arm-none-eabi/lib/thumb/v7e-m+fp/hard\libc_nano.a(libc_a-strtod.o)
                                          0xf (size before relaxing)
 *fill*         0x000000000800b6ce        0x2 
 .rodata.fpi.1  0x000000000800b6d0       0x14 D:/stm32cubeide/STM32CubeIDE_1.14.1/STM32CubeIDE/plugins/com.st.stm32cube.ide.mcu.externaltools.gnu-tools-for-stm32.11.3.rel1.win32_1.1.100.202309141235/tools/bin/../lib/gcc/arm-none-eabi/11.3.1/../../../../arm-none-eabi/lib/thumb/v7e-m+fp/hard\libc_nano.a(libc_a-strtod.o)
 .rodata.fpinan.0
                0x000000000800b6e4       0x14 D:/stm32cubeide/STM32CubeIDE_1.14.1/STM32CubeIDE/plugins/com.st.stm32cube.ide.mcu.externaltools.gnu-tools-for-stm32.11.3.rel1.win32_1.1.100.202309141235/tools/bin/../lib/gcc/arm-none-eabi/11.3.1/../../../../arm-none-eabi/lib/thumb/v7e-m+fp/hard\libc_nano.a(libc_a-strtod.o)
 .rodata.tinytens
                0x000000000800b6f8       0x28 D:/stm32cubeide/STM32CubeIDE_1.14.1/STM32CubeIDE/plugins/com.st.stm32cube.ide.mcu.externaltools.gnu-tools-for-stm32.11.3.rel1.win32_1.1.100.202309141235/tools/bin/../lib/gcc/arm-none-eabi/11.3.1/../../../../arm-none-eabi/lib/thumb/v7e-m+fp/hard\libc_nano.a(libc_a-strtod.o)
 .rodata._ctype_
                0x000000000800b720      0x101 D:/stm32cubeide/STM32CubeIDE_1.14.1/STM32CubeIDE/plugins/com.st.stm32cube.ide.mcu.externaltools.gnu-tools-for-stm32.11.3.rel1.win32_1.1.100.202309141235/tools/bin/../lib/gcc/arm-none-eabi/11.3.1/../../../../arm-none-eabi/lib/thumb/v7e-m+fp/hard\libc_nano.a(libc_a-ctype_.o)
                0x000000000800b720                _ctype_
 .rodata._svfprintf_r.str1.1
                0x000000000800b821       0x11 D:/stm32cubeide/STM32CubeIDE_1.14.1/STM32CubeIDE/plugins/com.st.stm32cube.ide.mcu.externaltools.gnu-tools-for-stm32.11.3.rel1.win32_1.1.100.202309141235/tools/bin/../lib/gcc/arm-none-eabi/11.3.1/../../../../arm-none-eabi/lib/thumb/v7e-m+fp/hard\libc_nano.a(libc_a-nano-svfprintf.o)
 .rodata._vfprintf_r.str1.1