D:\stm32cubeide\STM32CubeIDE_1.14.1\STM32CubeIDE\plugins\com.st.stm32cube.ide.mcu.externaltools.gnu-tools-for-stm32.11.3.rel1.win32_1.1.100.202309141235\tools\bin/../lib/gcc/arm-none-eabi/11.3.1/../../../../arm-none-eabi/include/c++/11.3.1/cmath:611:3:constexpr bool std::isnan(float)	16	static
../Core/Src/main.cpp:143:5:int main()	8	static
../Core/Src/main.cpp:391:6:void SystemClock_Config()	96	static
../Core/Src/main.cpp:437:13:void MX_I2C1_Init()	8	static
../Core/Src/main.cpp:485:13:void MX_USART2_UART_Init()	8	static
../Core/Src/main.cpp:520:13:void MX_GPIO_Init()	16	static
../Core/Src/main.cpp:540:6:void Error_Handler()	4	static,ignoring_inline_asm
../Core/Src/main.cpp:549:1:void __static_initialization_and_destruction_0(int, int)	16	static
../Core/Src/main.cpp:549:1:cpp)	8	static
